=== COLLECTION START ===
Date: Sun Apr 19 13:56:44 CST 2026
Hostname: 
=== 1. SYSTEM INFO ===
Linux version 4.4.60 (jenkins@a5e144cf1724) (gcc version 5.5.0 (OpenWrt GCC 5.5.0 unknown) ) #0 SMP PREEMPT Tue Oct 17 06:54:20 2023

processor	: 0
BogoMIPS	: 48.00
Features	: fp asimd evtstrm aes pmull sha1 sha2 crc32
CPU implementer	: 0x51
CPU architecture: 8
CPU variant	: 0xa
CPU part	: 0x801
CPU revision	: 4

processor	: 1
BogoMIPS	: 48.00
Features	: fp asimd evtstrm aes pmull sha1 sha2 crc32
CPU implementer	: 0x51
CPU architecture: 8
CPU variant	: 0xa
CPU part	: 0x801
CPU revision	: 4

Hardware	: Qualcomm Technologies, Inc. IPQ5018/AP-MP03.1

ubi.mtd=rootfs_1 root=mtd:ubi_rootfs rootfstype=squashfs rootwait swiotlb=1 coherent_pool=2M

Linux XiaoQiang 4.4.60 #0 SMP PREEMPT Tue Oct 17 06:54:20 2023 aarch64 GNU/Linux
=== 2. FULL DMESG ===
[    0.000000] Booting Linux on physical CPU 0x0
[    0.000000] Initializing cgroup subsys cpuset
[    0.000000] Initializing cgroup subsys cpu
[    0.000000] Initializing cgroup subsys cpuacct
[    0.000000] Linux version 4.4.60 (jenkins@a5e144cf1724) (gcc version 5.5.0 (OpenWrt GCC 5.5.0 unknown) ) #0 SMP PREEMPT Tue Oct 17 06:54:20 2023
[    0.000000] Boot CPU: AArch64 Processor [51af8014]
[    0.000000] Ignoring memory range 0x40000000 - 0x41000000
[    0.000000] Machine: Qualcomm Technologies, Inc. IPQ5018/AP-MP03.1
[    0.000000] efi: Getting EFI parameters from FDT:
[    0.000000] efi: UEFI not found.
[    0.000000] Reserved memory: created DMA memory pool at 0x000000004ea00000, size 16 MiB
[    0.000000] Reserved memory: initialized node dma_pool1@4ea00000, compatible id shared-dma-pool
[    0.000000] On node 0 totalpages: 105472
[    0.000000]   DMA zone: 1648 pages used for memmap
[    0.000000]   DMA zone: 0 pages reserved
[    0.000000]   DMA zone: 105472 pages, LIFO batch:31
[    0.000000] psci: probing for conduit method from DT.
[    0.000000] psci: PSCIv1.0 detected in firmware.
[    0.000000] psci: Using standard PSCI v0.2 function IDs
[    0.000000] psci: MIGRATE_INFO_TYPE not supported.
[    0.000000] PERCPU: Embedded 14 pages/cpu @ffffffc01ef9b000 s20376 r8192 d28776 u57344
[    0.000000] pcpu-alloc: s20376 r8192 d28776 u57344 alloc=14*4096
[    0.000000] pcpu-alloc: [0] 0 [0] 1 
[    0.000000] Detected VIPT I-cache on CPU0
[    0.000000] Built 1 zonelists in Zone order, mobility grouping on.  Total pages: 103824
[    0.000000] Kernel command line: ubi.mtd=rootfs_1 root=mtd:ubi_rootfs rootfstype=squashfs rootwait swiotlb=1 coherent_pool=2M
[    0.000000] PID hash table entries: 2048 (order: 2, 16384 bytes)
[    0.000000] Dentry cache hash table entries: 65536 (order: 7, 524288 bytes)
[    0.000000] Inode-cache hash table entries: 32768 (order: 6, 262144 bytes)
[    0.000000] software IO TLB [mem 0x5fe96000-0x5fed6000] (0MB) mapped at [ffffffc01ee96000-ffffffc01eed5fff]
[    0.000000] Memory: 394880K/421888K available (4900K kernel code, 590K rwdata, 2596K rodata, 228K init, 672K bss, 27008K reserved, 0K cma-reserved)
[    0.000000] Virtual kernel memory layout:
[    0.000000]     vmalloc : 0xffffff8000000000 - 0xffffffbdbfff0000   (   246 GB)
[    0.000000]     vmemmap : 0xffffffbdc0000000 - 0xffffffbfc0000000   (     8 GB maximum)
[    0.000000]               0xffffffbdc0040000 - 0xffffffbdc0800000   (     7 MB actual)
[    0.000000]     fixed   : 0xffffffbffa7fd000 - 0xffffffbffac00000   (  4108 KB)
[    0.000000]     PCI I/O : 0xffffffbffae00000 - 0xffffffbffbe00000   (    16 MB)
[    0.000000]     modules : 0xffffffbffc000000 - 0xffffffc000000000   (    64 MB)
[    0.000000]     memory  : 0xffffffc000000000 - 0xffffffc01f000000   (   496 MB)
[    0.000000]       .init : 0xffffffc0007d4000 - 0xffffffc00080d000   (   228 KB)
[    0.000000]       .text : 0xffffffc000080000 - 0xffffffc0007d4000   (  7504 KB)
[    0.000000]       .data : 0xffffffc00081b000 - 0xffffffc0008ae800   (   590 KB)
[    0.000000] SLUB: HWalign=64, Order=0-3, MinObjects=0, CPUs=2, Nodes=1
[    0.000000] Preemptible hierarchical RCU implementation.
[    0.000000] 	Build-time adjustment of leaf fanout to 64.
[    0.000000] 	RCU restricting CPUs from NR_CPUS=4 to nr_cpu_ids=2.
[    0.000000] RCU: Adjusting geometry for rcu_fanout_leaf=64, nr_cpu_ids=2
[    0.000000] NR_IRQS:64 nr_irqs:64 0
[    0.000000] Architected cp15 timer(s) running at 24.00MHz (virt).
[    0.000000] clocksource: arch_sys_counter: mask: 0xffffffffffffff max_cycles: 0x588fe9dc0, max_idle_ns: 440795202592 ns
[    0.000006] sched_clock: 56 bits at 24MHz, resolution 41ns, wraps every 4398046511097ns
[    0.000405] Calibrating delay loop (skipped), value calculated using timer frequency.. 48.00 BogoMIPS (lpj=240000)
[    0.000421] pid_max: default: 32768 minimum: 301
[    0.000540] Mount-cache hash table entries: 1024 (order: 1, 8192 bytes)
[    0.000552] Mountpoint-cache hash table entries: 1024 (order: 1, 8192 bytes)
[    0.001237] Initializing cgroup subsys io
[    0.001263] Initializing cgroup subsys memory
[    0.001297] Initializing cgroup subsys devices
[    0.001313] Initializing cgroup subsys freezer
[    0.001325] Initializing cgroup subsys net_cls
[    0.001336] Initializing cgroup subsys pids
[    0.001692] EFI services will not be available.
[    0.001731] ASID allocator initialised with 65536 entries
[    0.051981] MSM Memory Dump base table set up
[    0.052016] MSM Memory Dump apps data table set up
[    0.090265] Detected VIPT I-cache on CPU1
[    0.090323] CPU1: Booted secondary processor [51af8014]
[    0.090449] Brought up 2 CPUs
[    0.090467] SMP: Total of 2 processors activated.
[    0.090479] CPU: All CPU(s) started at EL1
[    0.102804] DMI not present or invalid.
[    0.103125] clocksource: jiffies: mask: 0xffffffff max_cycles: 0xffffffff, max_idle_ns: 19112604462750000 ns
[    0.103155] futex hash table entries: 512 (order: 4, 65536 bytes)
[    0.103684] pinctrl core: initialized pinctrl subsystem
[    0.104846] NET: Registered protocol family 16
[    0.130208] cpuidle: using governor ladder
[    0.160239] cpuidle: using governor menu
[    0.160526] NET: Registered protocol family 42
[    0.160648] vdso: 2 pages (1 code @ ffffffc000821000, 1 data @ ffffffc000820000)
[    0.160685] hw-breakpoint: found 6 breakpoint and 4 watchpoint registers.
[    0.161922] DMA: preallocated 2048 KiB pool for atomic allocations
[    0.162130] CPU: IPQ5018, SoC Version: 1.1
[    0.162644] IPC logging disabled
[    0.162653] IPC logging disabled
[    0.162657] IPC logging disabled
[    0.162662] IPC logging disabled
[    0.162666] IPC logging disabled
[    0.169173] qcom,gcc-ipq5018 1800000.gcc: Registered ipq5018 GCC clocks provider
[    0.172027] sps:sps is ready.
[    0.175527] irq: no irq domain found for /soc/smp2p-wcss/slave-kernel !
[    0.195562] pps_core: LinuxPPS API ver. 1 registered
[    0.195575] pps_core: Software ver. 5.3.6 - Copyright 2005-2007 Rodolfo Giometti <giometti@linux.it>
[    0.195606] PTP clock support registered
[    0.195830] dmi: Firmware registration failed.
[    0.198358] clocksource: Switched to clocksource arch_sys_counter
[    0.200828] NET: Registered protocol family 2
[    0.201743] TCP established hash table entries: 4096 (order: 3, 32768 bytes)
[    0.201812] TCP bind hash table entries: 4096 (order: 4, 65536 bytes)
[    0.201921] TCP: Hash tables configured (established 4096 bind 4096)
[    0.202002] UDP hash table entries: 256 (order: 1, 8192 bytes)
[    0.202027] UDP-Lite hash table entries: 256 (order: 1, 8192 bytes)
[    0.202284] NET: Registered protocol family 1
[    0.202343] PCI: CLS 0 bytes, default 128
[    0.203560] hw perfevents: enabled with armv8_cortex_a53 PMU driver, 7 counters available
[    0.211609] squashfs: version 4.0 (2009/01/31) Phillip Lougher
[    0.211632] jffs2: version 2.2 (NAND) (SUMMARY) (LZMA) (RTIME) (CMODE_PRIORITY) (c) 2001-2006 Red Hat, Inc.
[    0.216611] io scheduler noop registered
[    0.216632] io scheduler deadline registered (default)
[    0.219227] 80000000.pci supply vdda not found, using dummy regulator
[    0.219307] 80000000.pci supply vdda_phy not found, using dummy regulator
[    0.219353] 80000000.pci supply vdda_refclk not found, using dummy regulator
[    0.220147] PCI host bridge /soc/pci@80000000 ranges:
[    0.220178]    IO 0x80200000..0x802fffff -> 0x80200000
[    0.220194]   MEM 0x80300000..0x902fffff -> 0x80300000
[    0.469906] qcom-pcie 80000000.pci: link up
[    0.470139] qcom-pcie 80000000.pci: PCI host bridge to bus 0000:00
[    0.470157] pci_bus 0000:00: root bus resource [bus 00-ff]
[    0.470171] pci_bus 0000:00: root bus resource [io  0x0000-0xfffff] (bus address [0x80200000-0x802fffff])
[    0.470182] pci_bus 0000:00: root bus resource [mem 0x80300000-0x902fffff]
[    0.470224] pci 0000:00:00.0: [17cb:1004] type 01 class 0x060400
[    0.470262] pci 0000:00:00.0: reg 0x10: [mem 0x00000000-0x00000fff 64bit]
[    0.470335] pci 0000:00:00.0: PME# supported from
[    0.470588] pci 0000:00:00.0: bridge configuration invalid ([bus 00-00]), reconfiguring
[    0.470819] pci 0000:01:00.0: [168c:0050] type 00 class 0x028000
[    0.471015] pci 0000:01:00.0: reg 0x10: [mem 0x00000000-0x001fffff 64bit]
[    0.471202] pci 0000:01:00.0: reg 0x30: [mem 0x00000000-0x0000ffff pref]
[    0.471477] pci 0000:01:00.0: supports D1
[    0.471487] pci 0000:01:00.0: PME# supported from
[    0.471818] pci_bus 0000:01: busn_res: [bus 01-ff] end is updated to 01
[    0.471868] pci 0000:00:00.0: BAR 8: assigned [mem 0x80300000-0x805fffff]
[    0.471886] pci 0000:00:00.0: BAR 9: assigned [mem 0x80600000-0x807fffff 64bit pref]
[    0.471901] pci 0000:00:00.0: BAR 0: assigned [mem 0x80800000-0x80800fff 64bit]
[    0.471918] pci 0000:00:00.0: BAR 7: assigned [io  0x1000-0x1fff]
[    0.471933] pci 0000:01:00.0: BAR 0: assigned [mem 0x80400000-0x805fffff 64bit]
[    0.471994] pci 0000:01:00.0: BAR 6: assigned [mem 0x80300000-0x8030ffff pref]
[    0.472005] pci 0000:00:00.0: PCI bridge to [bus 01]
[    0.472015] pci 0000:00:00.0:   bridge window [io  0x1000-0x1fff]
[    0.472027] pci 0000:00:00.0:   bridge window [mem 0x80300000-0x805fffff]
[    0.472038] pci 0000:00:00.0:   bridge window [mem 0x80600000-0x807fffff 64bit pref]
[    0.472110] PCIe: RC0 enabled during bootup
[    0.472410] a0000000.pci supply vdda not found, using dummy regulator
[    0.472513] a0000000.pci supply vdda_phy not found, using dummy regulator
[    0.472561] a0000000.pci supply vdda_refclk not found, using dummy regulator
[    0.473354] PCI host bridge /soc/pci@a0000000 ranges:
[    0.473383]    IO 0xa0200000..0xa02fffff -> 0xa0200000
[    0.473398]   MEM 0xa0300000..0xb02fffff -> 0xa0300000
[    0.719923] qcom-pcie a0000000.pci: link up
[    0.720128] qcom-pcie a0000000.pci: PCI host bridge to bus 0001:00
[    0.720147] pci_bus 0001:00: root bus resource [bus 00-ff]
[    0.720161] pci_bus 0001:00: root bus resource [io  0x100000-0x1fffff] (bus address [0xa0200000-0xa02fffff])
[    0.720172] pci_bus 0001:00: root bus resource [mem 0xa0300000-0xb02fffff]
[    0.720208] pci 0001:00:00.0: [17cb:1004] type 01 class 0x060400
[    0.720240] pci 0001:00:00.0: reg 0x10: [mem 0x00000000-0x00000fff 64bit]
[    0.720306] pci 0001:00:00.0: PME# supported from
[    0.720568] pci 0001:00:00.0: bridge configuration invalid ([bus 00-00]), reconfiguring
[    0.720772] pci 0001:01:00.0: [17cb:1104] type 00 class 0x028000
[    0.720913] pci 0001:01:00.0: reg 0x10: [mem 0x00000000-0x001fffff 64bit]
[    0.721266] pci 0001:01:00.0: PME# supported from
[    0.721519] pci_bus 0001:01: busn_res: [bus 01-ff] end is updated to 01
[    0.721563] pci 0001:00:00.0: BAR 8: assigned [mem 0xa0400000-0xa05fffff]
[    0.721579] pci 0001:00:00.0: BAR 9: assigned [mem 0xa0600000-0xa07fffff 64bit pref]
[    0.721593] pci 0001:00:00.0: BAR 0: assigned [mem 0xa0300000-0xa0300fff 64bit]
[    0.721610] pci 0001:00:00.0: BAR 7: assigned [io  0x100000-0x100fff]
[    0.721625] pci 0001:01:00.0: BAR 0: assigned [mem 0xa0400000-0xa05fffff 64bit]
[    0.721671] pci 0001:00:00.0: PCI bridge to [bus 01]
[    0.721682] pci 0001:00:00.0:   bridge window [io  0x100000-0x100fff]
[    0.721693] pci 0001:00:00.0:   bridge window [mem 0xa0400000-0xa05fffff]
[    0.721704] pci 0001:00:00.0:   bridge window [mem 0xa0600000-0xa07fffff 64bit pref]
[    0.721771] PCIe: RC1 enabled during bootup
[    0.728048] TZ Log : Will warn on Access Violation, as paniconaccessviolation is not set
[    0.728733] 58000.qcom,msm-eud: ttyEUD0 at MMIO 0x0 (irq = 188, base_baud = 0) is a EUD UART
[    0.729257] Registered Sucessfully 
[    0.729791] msm_serial 78af000.serial: msm_serial: detected port #0
[    0.729846] msm_serial 78af000.serial: uartclk = 1843199
[    0.729898] 78af000.serial: ttyMSM0 at MMIO 0x78af000 (irq = 5, base_baud = 115199) is a MSM
[    0.729928] msm_serial: console setup on port #0
[    1.654273] console [ttyMSM0] enabled
[    1.659318] msm_serial: driver initialized
[    1.662767] msm_serial_hsl_init: driver initialized
[    1.829829] brd: module loaded
[    1.836626] loop: module loaded
[    1.837397] spi_qup 78b5000.spi: IN:block:16, fifo:64, OUT:block:16, fifo:64
[    1.841272] phase not found in dts, falling to 50MHz
[    1.845855] QPIC platform data not populated
[    1.851016] QPIC controller hw version Major:2, Minor:1
[    1.855054] QPIC controller support serial nand.
[    1.860380] nand: device found, Manufacturer ID: 0xc8, Chip ID: 0x11
[    1.864868] nand: GigaDevice F50D1G41LB(2M) SPI NAND 1G 1.8V
[    1.871247] nand: 128 MiB, SLC, erase size: 128 KiB, page size: 2048, OOB size: 64
[    1.877236] 22 ofpart partitions found on MTD device qcom_nand.0
[    1.884263] Creating 22 MTD partitions on "qcom_nand.0":
[    1.890416] 0x000000000000-0x000000080000 : "0:SBL1"
[    1.897183] 0x000000080000-0x000000100000 : "0:MIBIB"
[    1.902128] 0x000000100000-0x000000140000 : "0:BOOTCONFIG"
[    1.906833] 0x000000140000-0x000000180000 : "0:BOOTCONFIG1"
[    1.912285] 0x000000180000-0x000000280000 : "0:QSEE"
[    1.918278] 0x000000280000-0x000000380000 : "0:QSEE_1"
[    1.923627] 0x000000380000-0x0000003c0000 : "0:DEVCFG"
[    1.927822] 0x0000003c0000-0x000000400000 : "0:DEVCFG_1"
[    1.932992] 0x000000400000-0x000000440000 : "0:CDT"
[    1.938468] 0x000000440000-0x000000480000 : "0:CDT_1"
[    1.942992] 0x000000480000-0x000000500000 : "0:APPSBLENV"
[    1.948507] 0x000000500000-0x000000640000 : "0:APPSBL"
[    1.954489] 0x000000640000-0x000000780000 : "0:APPSBL_1"
[    1.959561] 0x000000780000-0x000000880000 : "0:ART"
[    1.964817] 0x000000880000-0x000000900000 : "0:TRAINING"
[    1.968982] 0x000000900000-0x000000980000 : "bdata"
[    1.974489] 0x000000980000-0x000000a00000 : "crash"
[    1.979156] 0x000000a00000-0x000000a80000 : "crash_syslog"
[    1.983928] 0x000000a80000-0x000002e80000 : "rootfs"
[    2.018618] mtd: device 18 (rootfs) set to be root filesystem
[    2.018890] mtdsplit: no squashfs found in "rootfs"
[    2.023356] 0x000002e80000-0x000005280000 : "rootfs_1"
[    2.058036] 0x000005280000-0x000007180000 : "overlay"
[    2.084406] 0x000007180000-0x000007200000 : "rsvd0"
[    2.086824] libphy: Fixed MDIO Bus: probed
[    2.308739] qca-mdio 88000.mdio: Could not find phy-reset-gpio
[    2.308930] libphy: qca_mdio: probed
[    2.314157] qca-mdio 88000.mdio: qca-mdio driver was registered
[    2.757682] qca-mdio 90000.mdio: Could not find phy-reset-gpio
[    2.757859] libphy: qca_mdio: probed
[    2.764139] qca-mdio 90000.mdio: qca-mdio driver was registered
[    2.876473] Unable to create IPC log context!
[    2.876971] cnss[27]: INFO: Platform driver probed successfully. plat ffffffc01ce48018 tgt 0x1104
[    2.880372] cnss[2]: INFO: Platform driver probed successfully. plat ffffffc01ce60018 tgt 0xfffc
[    2.889113] i2c /dev entries driver
[    2.898739] qcom-tsens 4a8000.thermal-sensor: tsens calibration failed
[    2.902362] device-mapper: ioctl: 4.34.0-ioctl (2015-10-28) initialised: dm-devel@redhat.com
[    2.907878] cpufreq: cpufreq_online: CPU0: Running at unlisted freq: 799999 KHz
[    2.916084] cpufreq: cpufreq_online: CPU0: Unlisted initial frequency changed to: 1008000 KHz
[    2.923213] sdhci: Secure Digital Host Controller Interface driver
[    2.931722] sdhci: Copyright(c) Pierre Ossman
[    2.937703] sdhci-pltfm: SDHCI platform and OF driver helper
[    2.943454] 
[    2.943454] Version Rollback Feature Disabled
[    2.950358] qcom-q6v5-wcss-pil cd00000.qcom_q6v5_wcss: ssr registeration success qcom_q6v5_wcss
[    2.953607] remoteproc remoteproc0: cd00000.qcom_q6v5_wcss is available
[    2.962647] of_graph_get_next_endpoint(): no port node found in /soc/csr@6001000
[    2.968860] coresight-csr 6001000.csr: CSR initialized
[    2.976555] of_graph_get_next_endpoint(): no port node found in /soc/cti@6010000
[    2.981531] of_graph_get_next_endpoint(): no port node found in /soc/cti@6011000
[    2.989064] of_graph_get_next_endpoint(): no port node found in /soc/cti@6012000
[    2.996377] of_graph_get_next_endpoint(): no port node found in /soc/cti@6013000
[    3.003813] of_graph_get_next_endpoint(): no port node found in /soc/cti@6014000
[    3.011179] of_graph_get_next_endpoint(): no port node found in /soc/cti@6015000
[    3.018588] of_graph_get_next_endpoint(): no port node found in /soc/cti@6016000
[    3.025905] of_graph_get_next_endpoint(): no port node found in /soc/cti@6017000
[    3.033331] of_graph_get_next_endpoint(): no port node found in /soc/cti@6018000
[    3.040709] of_graph_get_next_endpoint(): no port node found in /soc/cti@6019000
[    3.048019] of_graph_get_next_endpoint(): no port node found in /soc/cti@601a000
[    3.055540] of_graph_get_next_endpoint(): no port node found in /soc/cti@601b000
[    3.062837] of_graph_get_next_endpoint(): no port node found in /soc/cti@601c000
[    3.070225] of_graph_get_next_endpoint(): no port node found in /soc/cti@601d000
[    3.077550] of_graph_get_next_endpoint(): no port node found in /soc/cti@601e000
[    3.084967] of_graph_get_next_endpoint(): no port node found in /soc/cti@601f000
[    3.092348] of_graph_get_next_endpoint(): no port node found in /soc/cti@6198000
[    3.099920] of_graph_get_next_endpoint(): no port node found in /soc/cti@6199000
[    3.107231] of_graph_get_next_endpoint(): no port node found in /soc/cti@610c000
[    3.114734] sps_register_bam_device : unable to create IPC Logging 0 for bam 0x0000000006064000
[    3.121692] sps_register_bam_device : unable to create IPC Logging 1 for bam 0x0000000006064000sps_register_bam_device : unable to create IPC Logging 2 for bam 0x0000000006064000
[    3.138757] sps_register_bam_device : unable to create IPC Logging 3 for bam 0x0000000006064000sps_register_bam_device : unable to create IPC Logging 4 for bam 0x0000000006064000
[    3.154640] sps:BAM 0x0000000006064000 is registered.<6>[    3.162491] coresight-tmc 6048000.tmc: TMC initialized
[    3.167289] coresight-tmc 6047000.tmc: TMC initialized
[    3.172488] coresight-funnel 6041000.funnel: FUNNEL initialized
[    3.177413] coresight-funnel 6100000.funnel: FUNNEL initialized
[    3.183289] coresight-funnel 6120000.funnel: FUNNEL initialized
[    3.189181] coresight-funnel 6130000.funnel: FUNNEL initialized
[    3.195040] coresight-funnel 61a1000.funnel: FUNNEL initialized
[    3.201677] coresight-etm4x 619c000.etm: ETM 4.0 initialized
[    3.207211] coresight-etm4x 619d000.etm: ETM 4.0 initialized
[    3.212881] coresight-replicator-qcom 6046000.replicator: REPLICATOR 1.0 initialized
[    3.218631] coresight-stm 6002000.stm: STM initialized
[    3.227343] of_graph_get_next_endpoint(): no port node found in /soc/hwevent@6101000
[    3.230875] coresight-hwevent 6101000.hwevent: Hardware Event driver initialized
[    3.239168] Netfilter messages via NETLINK v0.30.
[    3.246755] NET: Registered protocol family 10
[    3.251593] NET: Registered protocol family 17
[    3.254943] bridge: automatic filtering via arp/ip/ip6tables has been deprecated. Update your scripts to load br_netfilter if you need this.
[    3.259418] Bridge firewalling registered
[    3.272106] 8021q: 802.1Q VLAN Support v1.8
[    3.279310] ubi0: attaching mtd19
[    3.414922] ubi0: scanning is finished
[    3.419133] ubi0: attached mtd19 (name "rootfs_1", size 36 MiB)
[    3.419158] ubi0: PEB size: 131072 bytes (128 KiB), LEB size: 126976 bytes
[    3.423848] ubi0: min./max. I/O unit sizes: 2048/2048, sub-page size 2048
[    3.430838] ubi0: VID header offset: 2048 (aligned 2048), data offset: 4096
[    3.437650] ubi0: good PEBs: 288, bad PEBs: 0, corrupted PEBs: 0
[    3.444439] ubi0: user volume: 2, internal volumes: 1, max. volumes count: 128
[    3.450689] ubi0: max/mean erase counter: 3/3, WL threshold: 4096, image sequence number: 1214517999
[    3.457706] ubi0: available PEBs: 53, total reserved PEBs: 235, PEBs reserved for bad PEB handling: 20
[    3.467041] ubi0: background thread "ubi_bgt0d" started, PID 112
[    3.497685] hctosys: unable to open rtc device (rtc0)
[    3.505160]  crash_kernel_init, res rsvd1, 4fa00000, 100000, /reserved-memory/rsvd1@4fa00000  
[    3.505191]  mtd dev crash, size 0x80000 
[    3.513291]  crash_kernel_init,  crash init, res->start:4fa00000, crash_buf:0xffffff8002400000, crash_buf_len 0x7ffe4, crash_avail_sz 0x80000 
[    3.516742]  Crash kernel dumper registered ok! 
[    3.529473]  crash_syslog_init, res rsvd2, 4fb00000, 100000, /reserved-memory/rsvd2@4fb00000  
[    3.534105]  mtd dev crash_syslog, size 0x80000 
[    3.543385]  crash_syslog_init,  crash init, crash_buf_len 0x3ffe4, crash_avail_sz 0x40000  
[    3.547397]  Crash syslog dumper register ok! 
[    3.569119] VFS: Mounted root (squashfs filesystem) readonly on device 31:23.
[    3.569328] Freeing unused kernel memory: 228K (ffffffc0007d4000 - ffffffc00080d000)
[    3.575248] Freeing alternatives memory: 40K (ffffffc00080d000 - ffffffc000817000)
[    3.614396] random: nonblocking pool is initialized
[    3.994997] init: Console is alive
[    3.995228] init: - watchdog -
[    5.287463] kmodloader: loading kernel modules from /etc/modules-boot.d/*
[    5.310506] usbcore: registered new interface driver usbfs
[    5.310575] usbcore: registered new interface driver hub
[    5.315004] usbcore: registered new device driver usb
[    5.322849] Button Hotplug driver version 0.4.1
[    5.329482] SCSI subsystem initialized
[    5.332959] ehci_hcd: USB 2.0 'Enhanced' Host Controller (EHCI) Driver
[    5.334288] ehci-platform: EHCI generic platform driver
[    5.356155] kmodloader: done loading kernel modules from /etc/modules-boot.d/*
[    5.361754] init: - preinit -
[    8.865507] mount_root: mounting /dev/root
[    9.379140] ubi1: attaching mtd20
[    9.493416] ubi1: scanning is finished
[    9.497808] ubi1: attached mtd20 (name "overlay", size 31 MiB)
[    9.497834] ubi1: PEB size: 131072 bytes (128 KiB), LEB size: 126976 bytes
[    9.502588] ubi1: min./max. I/O unit sizes: 2048/2048, sub-page size 2048
[    9.509428] ubi1: VID header offset: 2048 (aligned 2048), data offset: 4096
[    9.516243] ubi1: good PEBs: 248, bad PEBs: 0, corrupted PEBs: 0
[    9.523047] ubi1: user volume: 1, internal volumes: 1, max. volumes count: 128
[    9.529286] ubi1: max/mean erase counter: 170/115, WL threshold: 4096, image sequence number: 1539458399
[    9.536298] ubi1: available PEBs: 0, total reserved PEBs: 248, PEBs reserved for bad PEB handling: 20
[    9.545987] ubi1: background thread "ubi_bgt1d" started, PID 185
[    9.606672] UBIFS (ubi1:0): background thread "ubifs_bgt1_0" started, PID 196
[    9.623550] UBIFS (ubi1:0): recovery needed
[    9.754730] UBIFS (ubi1:0): recovery completed
[    9.754912] UBIFS (ubi1:0): UBIFS: mounted UBI device 1, volume 0, name "data"
[    9.758144] UBIFS (ubi1:0): LEB size: 126976 bytes (124 KiB), min./max. I/O unit sizes: 2048 bytes/2048 bytes
[    9.765366] UBIFS (ubi1:0): FS size: 27172864 bytes (25 MiB, 214 LEBs), journal size 1396736 bytes (1 MiB, 11 LEBs)
[    9.775279] UBIFS (ubi1:0): reserved for root: 1283441 bytes (1253 KiB)
[    9.785509] UBIFS (ubi1:0): media format: w4/r0 (latest is w4/r0), UUID 135228CA-4F26-457F-92C5-75F9F6038107, small LPT model
[   10.827762] urandom-seed: Seed file not found (/etc/urandom.seed)
[   11.345044] procd: - early -
[   11.345150] procd: - watchdog -
[   11.977225] procd: - watchdog -
[   11.977507] procd: - ubus -
[   12.031919] procd: - init -
[   12.454867] kmodloader: loading kernel modules from /etc/modules.d/*
[   13.593051] cfg80211: World regulatory domain updated:
[   13.593077] cfg80211:  DFS Master region: unset
[   13.597073] cfg80211:   (start_freq - end_freq @ bandwidth), (max_antenna_gain, max_eirp), (dfs_cac_time)
[   13.607539] cfg80211:   (2402000 KHz - 2472000 KHz @ 40000 KHz), (N/A, 2000 mBm), (N/A)
[   13.611499] cfg80211:   (2457000 KHz - 2482000 KHz @ 20000 KHz, 92000 KHz AUTO), (N/A, 2000 mBm), (N/A)
[   13.619103] cfg80211:   (2474000 KHz - 2494000 KHz @ 20000 KHz), (N/A, 2000 mBm), (N/A)
[   13.628473] cfg80211:   (5170000 KHz - 5250000 KHz @ 80000 KHz, 160000 KHz AUTO), (N/A, 2000 mBm), (N/A)
[   13.636405] cfg80211:   (5250000 KHz - 5330000 KHz @ 80000 KHz, 160000 KHz AUTO), (N/A, 2000 mBm), (0 s)
[   13.646169] cfg80211:   (5490000 KHz - 5730000 KHz @ 160000 KHz), (N/A, 2000 mBm), (0 s)
[   13.655630] cfg80211:   (5735000 KHz - 5835000 KHz @ 80000 KHz), (N/A, 2000 mBm), (N/A)
[   13.663679] cfg80211:   (57240000 KHz - 63720000 KHz @ 2160000 KHz), (N/A, 0 mBm), (N/A)
[   13.705750] ssdk_switch_device_num_init[1159]:INFO:ess-switch dts node number: 2
[   13.705808] ssdk_dt_get_switch_node[970]:INFO:ess-switch DT exist!
[   13.712316] ssdk_dt_parse_access_mode[856]:INFO:switch_access_mode: local bus
[   13.718193] ssdk_dt_parse_access_mode[869]:INFO:switchreg_base_addr: 0x39c00000
[   13.725455] ssdk_dt_parse_access_mode[870]:INFO:switchreg_size: 0x200000
[   13.732561] ssdk_dt_parse_mac_mode[295]:INFO:mac mode = 0xf
[   13.739481] ssdk_dt_parse_mac_mode[301]:INFO:mac mode1 doesn't exit!
[   13.744754] ssdk_dt_parse_mac_mode[310]:INFO:mac mode2 doesn't exit!
[   13.751403] ssdk_dt_parse_phy_info[659]:INFO:[PORT 2] port_mac_sel = QGMAC_PORT
[   13.757721] ssdk_dt_parse_phy_info[678]:INFO:port2's phy-reset-gpio is GPIO39
[   13.764758] ssdk_dt_parse_port_bmp[757]:INFO:port_bmp doesn't exist!
[   13.772096] ssdk_dt_parse_uniphy[332]:INFO:ess-uniphy DT exist!
[   13.778459] ssdk_dt_parse_led[943]:INFO:current dts led_source_num is 0
[   13.784094] ssdk_plat_init start
[   16.198376] ssdk_mp_reset_init[739]:INFO:MP reset successfully!
[   16.198439] ssdk_gcc_clock_init[1033]:INFO:SSDK gcc clock init successfully!
[   16.204257] mpge_phy_api_ops_init[1089]:INFO:qca probe mpge phy driver succeeded!
[   16.210851] mpge_phy_dac_set[917]:INFO:phy mdac is set as 0x10
[   16.217808] mpge_phy_dac_set[929]:INFO:phy edac is set as 0x10
[   16.223597] qca808x_phy_api_ops_init[2208]:INFO:qca probe qca808x phy driver succeeded!
[   16.230337] regi_init[3947]:INFO:Initializing SCOMPHY!
[   17.362416] _adpt_mp_uniphy_clk_output_set[266]:INFO:set 50Mhz clk for qca8081
[   17.362442] _adpt_mp_uniphy_clk_output_ctrl_set[236]:INFO:uniphy will output clock as 50000000Hz
[   17.578365] hsl_port_phy_gpio_reset[685]:INFO:GPIO39 reset PHY done
[   17.689135] ssdk_switch_register[1727]:INFO:Chip version 0xee
[   17.689173] qca_link_polling_select[1332]:INFO:link-polling-required node does not exist
[   17.693847] ssdk_switch_register[1761]:INFO:polling is selected
[   17.702031] regi_init[3957]:INFO:Initializing SCOMPHY Done!!
[   17.707674] ssdk_dt_get_switch_node[970]:INFO:ess-switch DT exist!
[   17.713577] ssdk_dt_parse_access_mode[856]:INFO:switch_access_mode: mdio
[   17.719553] ssdk_dt_parse_mac_mode[292]:INFO:mac mode doesn't exit!
[   17.726396] ssdk_dt_parse_mac_mode[301]:INFO:mac mode1 doesn't exit!
[   17.732400] ssdk_dt_parse_mac_mode[310]:INFO:mac mode2 doesn't exit!
[   17.739024] ssdk_dt_parse[1061]:INFO:switch node is qca83xx!
[   17.745320] ssdk_plat_init start
[   17.815139] f1_phy_api_ops_init[1517]:INFO:qca probe f1 phy driver succeeded!
[   17.815160] regi_init[3905]:INFO:Initializing ISISC!!
[   17.821264] qca_ar8327_gpio_reset[3487]:INFO:reset_gpio node does not exist
[   17.826424] ssdk_switch_register[1735]:INFO:Chip version 0x1302
[   17.833078] qca_link_polling_select[1332]:INFO:link-polling-required node does not exist
[   17.838966] ssdk_switch_register[1761]:INFO:polling is selected
[   18.864701] qca_ar8327_hw_init[708]:INFO:AR8327_REG_LED_CTRL_0=0xcc35cff5
[   19.488352] regi_init[3910]:INFO:Initializing ISISC Done!!
[   19.488509] init port map proc seccess!regi_init[3988]:INFO:qca-ssdk module init succeeded!
[   19.498530] tun: Universal TUN/TAP device driver, 1.6
[   19.501134] tun: (C) 1999-2004 Max Krasnyansky <maxk@qualcomm.com>
[   19.725342] **********************************************************
[   19.725369] * NSS Data Plane driver
[   19.730841] **********************************************************
[   19.741563] l2tp_core: L2TP core driver, V2.0
[   19.742930] l2tp_netlink: L2TP netlink interface
[   19.967050] nss_driver - fw of size 712272  bytes copied to load addr: 40000000, nss_id : 0
[   19.968888] Supported Frequencies - 
[   19.974196] 850 MHz 1 GHz 
[   19.979872] 
[   19.980735] ffffffbffc49f200: set sdma ffffffc01be5a300
[   19.982442] node size 2 # items 4
[   19.987130] memory: 40000000 536870912 (avl 432652288) items 4 active_cores 1
[   19.990651] addr/size storage words 2 2 # words 4 in DTS, ddr size 1000000
[   19.997725] ffffffbffc49f200: NSS core 0 DDR from 40000000 to 41000000
[   20.004598] ffffffbffc49f200: meminfo init succeed
[   20.014490] sit: IPv6 over IPv4 tunneling driver
[   20.018770] gre: GRE over IPv4 demultiplexor driver
[   20.022323] ip_gre: GRE over IPv4 tunneling driver
[   20.029741] ip6_gre: GRE over IPv6 tunneling driver
[   20.044900] node size 2 # items 4
[   20.044935] memory: 40000000 536870912 (avl 432652288) items 4 active_cores 1
[   20.047205] addr/size storage words 2 2 # words 4 in DTS, ddr size 1000000
[   20.047433] Ethernet Channel Bonding Driver: v3.7.1 (April 27, 2011)
[   20.061122] ffffffbffc49f200: nss core 0 booted successfully
[   20.076010] ip6_tables: (C) 2000-2006 Netfilter Core Team
[   20.107796] nf_conntrack version 0.5.0 (3087 buckets, 40000 max)
[   20.109052] [mipctl] nf_conntrack init success!!!
[   20.941060] ip_set: protocol 6
[   21.170550] ssdk_port_link_notify[527]:INFO:QCA8337 port 4 link up speed 1000M duplex full 
[   25.961532] PPP generic driver version 2.4.2
[   26.219488] NET: Registered protocol family 24
[   26.610248] PPTP driver version 0.8.5
[   26.854204] diag: IPC Logging disabled
[   26.865275] TRACK: P[0]	PMask[4]
[   26.865296] TRACK: P[1]	PMask[4]
[   26.867555] TRACK: P[2]	PMask[4]
[   26.871249] TRACK: P[3]	PMask[4]
[   26.874047] nik 4097 info->svc_id
[   27.559321] u32 classifier
[   28.469666] ipaccount: ifname [lo] event[5]
[   28.469705] ipaccount: ifname [eth0] event[5]
[   28.472655] ipaccount: ifname [eth1] event[5]
[   28.477167] ipaccount: ifname [ip6tnl0] event[5]
[   28.481608] ipaccount: ifname [sit0] event[5]
[   28.486198] ipaccount: ifname [gre0] event[5]
[   28.490522] ipaccount: ifname [gretap0] event[5]
[   28.494791] ipaccount: ifname [ip6gre0] event[5]
[   28.499529] ipaccount: ifname [bond0] event[5]
[   28.953378] ip_tables: (C) 2000-2006 Netfilter Core Team
[   28.959759] l2tp_ppp: PPPoL2TP kernel driver, V2.0
[   28.989123] ctnetlink v0.93: registering with nfnetlink.
[   29.207701] PPP MPPE Compression module registered
[   29.222616] ipt: xt_cgroup_MARK installed ok.
[   29.256915] xt_time: kernel timezone is -0000
[   29.279861] kmodloader: done loading kernel modules from /etc/modules.d/*
[   30.074108] ipaccount: ifname [bond0] event[11]
[   33.469769] ECM init
[   33.469841] ECM database jhash random seed: 0xdcaca20b
[   33.472996] ECM init complete
[   33.685456] clean port 1 ifname
[   33.685690] clean port 2 ifname
[   33.687693] clean port 3 ifname
[   33.702526] clean port 2 ifname
[   35.332564] ipaccount: ifname [br-lan] event[16]
[   35.333777] ipaccount: ifname [br-lan] event[5]
[   35.343741] ipaccount: ifname [eth0] event[13]
[   35.350439] ipaccount: ifname [eth0] event[1]
[   35.352828] ipaccount: ifname [eth0] event[20]
[   35.357574] ipaccount: ifname [eth0] event[26]
[   35.363241] ipaccount: ifname [eth0] event[21]
[   35.367333] ipaccount: ifname [eth0] event[11]
[   35.367377] device eth0 entered promiscuous mode
[   35.378834] ipaccount: ifname [br-lan] event[11]
[   35.379196] ipaccount: ifname [br-lan] event[8]
[   35.391863] ipaccount: ifname [eth0] event[27]
[   35.395153] ipaccount: ifname [br-lan] event[8]
[   35.395322] ipaccount: ifname [br-lan] event[13]
[   35.403130] br-lan: port 1(eth0) entered forwarding state
[   35.404607] br-lan: port 1(eth0) entered forwarding state
[   35.411610] ipaccount: ifname [br-lan] event[1]
[   35.458860] ipaccount: ifname [eth1] event[8]
[   35.467293] ipaccount: ifname [eth1] event[13]
[   35.469113] ipaccount: ifname [eth1] event[1]
[   35.472104] ipaccount: ifname [eth1] event[20]
[   35.475464] ipaccount: ifname [eth1] event[26]
[   35.493073] ipaccount: ifname [eth1] event[21]
[   35.493363] ipaccount: ifname [eth1] event[11]
[   35.496475] device eth1 entered promiscuous mode
[   35.502127] br-lan: port 2(eth1) entered forwarding state
[   35.505724] br-lan: port 2(eth1) entered forwarding state
[   35.513080] ipaccount: ifname [eth1] event[27]
[   35.528626] nss-dp 39c00000.dp1 eth0: PHY Link up speed: 1000
[   35.682274] ipaccount: ifname [eth0] event[4]
[   35.689820] ipaccount: ifname [lo] event[13]
[   35.690460] ipaccount: ifname [lo] event[1]
[   36.338690] ipaccount: ifname [eth0] event[4]
[   36.338906] ipaccount: ifname [br-lan] event[4]
[   36.346552] br-lan: port 2(eth1) entered disabled state
[   36.364454] ipaccount: ifname [eth1] event[4]
[   37.398424] br-lan: port 1(eth0) entered forwarding state
[   38.535372] configuring additional NSS pbufs
[   38.551965] additional pbufs of size 3100672 got added to NSS
[   38.590492] mem_manager: module license 'Proprietary' taints kernel.
[   38.590531] Disabling lock debugging due to kernel taint
[   38.718583] nss-dp 39d00000.dp2 eth1: PHY Link up speed: 1000
[   38.778887] br-lan: port 2(eth1) entered forwarding state
[   38.778974] br-lan: port 2(eth1) entered forwarding state
[   38.783320] ipaccount: ifname [eth1] event[4]
[   38.808048] ipaccount: ifname [eth1] event[4]
[   39.871189] wlan: [2631:I:RPTR] qca_multi_link_init_module: 
[   39.871189] ******QCA Repeater Initialization Done***********
[   39.871189] 
[   40.778404] br-lan: port 2(eth1) entered forwarding state
[   41.578649] cnss[27]: INFO: Setting daemon_support=1 for instance_id 0x27
[   41.736631] cnss[2]: INFO: Setting daemon_support=1 for instance_id 0x2
[   41.785223] cnss[27]: INFO: Setting cold_boot_support=1 for instance_id 0x27
[   41.903510] cnss[2]: INFO: Setting cold_boot_support=1 for instance_id 0x2
[   42.467949] ipaccount: refresh dev ifname to [eth0 eth1 wl0 wl1 wl14 wl5] 
[   42.467993] ipaccount: landev_init_all() add dev [eth0] is_wireless: 0.
[   42.476652] ipaccount: landev_init_all() add dev [eth1] is_wireless: 0.
[   42.481378] ipaccount: landev_init_all() get dev [wl0] not found.
[   42.486825] ipaccount: landev_init_all() get dev [wl1] not found.
[   42.493201] ipaccount: landev_init_all() get dev [wl14] not found.
[   42.499436] ipaccount: landev_init_all() get dev [wl5] not found.
[   42.539847] wlan: [3507:I:ANY] =======ol_if_register_wifi3_0==========
[   42.539847] 
[   42.539897] wlan: [3507:I:ANY] osif_nss_register_module: NSS wifi ops registered for target_type:1 with soc_ops:ffffffbffd6b8a10
[   42.547668] wlan: [3507:I:ANY] ol_ath_wifi_ssr: ol_ath_wifi_ssr: SSR event 2 bus_type 1
[   42.566282] remoteproc remoteproc0: powering up cd00000.qcom_q6v5_wcss
[   42.614291] remoteproc remoteproc0: Booting fw image IPQ5018/q6_fw.mdt, size 1052
[   43.963859] Subsystem error monitoring/handling services are up
[   43.981693] rpmsg_dev_probe: No pm domain
[   43.982819] rpmsg_dev_probe: No pm domain
[   43.986344] remoteproc remoteproc0: remote processor cd00000.qcom_q6v5_wcss is now up
[   43.992964] cnss[2]: INFO: QMI WLFW service connected, state: 0x1
[   43.996879] diag: Receiving feature mask length more than Apps support
[   44.004115] diag: In diag_send_feature_mask_update, control channel is not open, p: 2, ffffffbffc9a8248
[   44.019618] cnss[2]: INFO: device_id : 65532 mem mode : [1]
[   44.019657] cnss[2]: INFO: platform name: Qualcomm Technologies, Inc. IPQ5018/AP-MP03.1
[   44.045829] wlan: [3507:I:ANY] ol_ath_wifi_ssr: ol_ath_wifi_ssr: SSR event 3 bus_type 1
[   44.045881] cnss[2]: INFO: Waiting for FW ready. Device: 0xfffc, FW ready timeout: 15 seconds
[   44.058896] cnss[2]: INFO: Target capability: chip_id: 0x0, chip_family: 0x4, board_id: 0xff, soc_id: 0xffffffff, fw_version: 0x2408ffff, fw_build_timestamp: 2021-05-17 06:42, otp_version: 0x0 eeprom_caldata_read_timeout 0s
[   44.061560] cnss[2]: INFO: Boardid from dts:24,FW:ff
[   44.123646] cnss[2]: INFO: BDF location : 0x4ba00000
[   44.123677] cnss[2]: INFO: BDF IPQ5018/bdwlan.b24 size 131072
[   44.130046] cnss[2]: INFO: per device BDF location : 0x4ba20000
[   44.140010] cnss[2]: INFO: CALDATA IPQ5018/caldata.bin size 131072 offset 0x20000
[   44.158505] cnss[2]: INFO: FW ready received for device 0xfffc
[   44.160683] wlan: [3507:I:ANY] pld_ahb_wlan_enable: cnss_mode: Cold boot calibration
[   44.163271] cnss[2]: INFO: Sending mode message, mode: COLDBOOT CALIBRATION(7), state: 0xf
[   44.234217] wlan: [3507:I:ANY] ol_ath_wifi_ssr: ol_ath_wifi_ssr: SSR event 2 bus_type 0
[   44.234325] cnss_pci 0001:01:00.0: BAR 0: assigned [mem 0xa0400000-0xa05fffff 64bit]
[   44.267940] cnss_pci 0001:01:00.0: enabling device (0000 -> 0002)
[   44.270999] cnss[27]: ERR: Unable to create CNSS MHI IPC log context
[   45.875843] cnss[2]: INFO: Coldboot Calibration completed successfully for device 0xfffc
[   45.899789] wlan: [3507:I:ANY] ol_ath_wifi_ssr: ol_ath_wifi_ssr: SSR event 3 bus_type 0
[   45.899853] cnss[27]: INFO: Waiting for FW ready. Device: 0x1104, FW ready timeout: 15 seconds
[   45.913184] cnss[27]: INFO: QMI WLFW service connected, state: 0x11
[   45.917931] cnss[27]: INFO: device_id : 4356 mem mode : [1]
[   45.928550] cnss[27]: INFO: platform name: Qualcomm Technologies, Inc. IPQ5018/AP-MP03.1
[   45.933466] cnss[27]: INFO: Target capability: chip_id: 0x0, chip_family: 0x0, board_id: 0xff, soc_id: 0xffffffff, fw_version: 0x2408ffff, fw_build_timestamp: 2021-05-17 06:31, otp_version: 0x0 eeprom_caldata_read_timeout 0s
[   45.957100] cnss[27]: INFO: Downloading BDF: qcn9000/bdwlan.ba0, size: 131072
[   45.987022] cnss[27]: INFO: Downloading BDF: qcn9000/caldata_1.bin, size: 131072
[   46.118458] cnss[27]: INFO: FW ready received for device 0x1104
[   46.118513] wlan: [3507:I:ANY] pld_pcie_wlan_enable: pld_pcie_wlan_enable: Invalid wlan_cfg config
[   46.123396] cnss[27]: INFO: Sending mode message, mode: COLDBOOT CALIBRATION(7), state: 0x1f
[   46.267583] wlan: [3507:I:ANY] init_ath_pci_3_0: 6ath_ol_pci_wifi3.0 :  (Atheros/multi-bss)
[   46.324591] wlan: [4100:I:ANY] ol_ath_wifi_ssr: ol_ath_wifi_ssr: SSR event 0 bus_type 1
[   46.324658] cnss[2]: INFO: Sending mode message, mode: OFF(4), state: 0x7
[   46.341819] cnss[2]: INFO: QMI WLFW service disconnected, state: 0x6
[   46.368238] remoteproc remoteproc0: stopped remote processor cd00000.qcom_q6v5_wcss
[   46.369475] wlan: [4100:I:ANY] ol_ath_wifi_ssr: ol_ath_wifi_ssr: SSR event 1 bus_type 1
[   46.423575] wlan: [4100:I:ANY] ol_ath_wifi_ssr: ol_ath_wifi_ssr: SSR event 0 bus_type 0
[   46.423633] cnss[27]: INFO: Coldboot Calbration wait started for Device: 0x1104, timeout: 60 seconds
[   47.068498] cnss[27]: INFO: Coldboot Calibration completed successfully for device 0x1104
[   47.088404] cnss[27]: INFO: Coldboot Calibration wait ended for device 0x1104
[   47.088443] cnss[27]: INFO: Sending mode message, mode: OFF(4), state: 0x127
[   47.096616] cnss[27]: INFO: Shutting down QCN9000
[   47.096645] cnss[27]: INFO: QMI WLFW service disconnected, state: 0x26
[   47.106984] Removing device for chan:LOOPBACK
[   47.113324] mhi_reset_data_chan rp           (null) wp           (null)
[   47.117223] mhi_reset_data_chan rp           (null) wp           (null)
[   47.124329] Removing device for chan:DIAG
[   47.130419] mhi_reset_data_chan rp ffffff80045e7000 wp ffffff80045e7120
[   47.134402] mhi_reset_data_chan rp ffffff80045e5000 wp ffffff80045e5000
[   47.141309] Removing device for chan:IPCR
[   47.147647] mhi_reset_data_chan rp ffffff80045eb020 wp ffffff80045eb010
[   47.152008] mhi_reset_data_chan rp ffffff80045e91e0 wp ffffff80045e91e0
[   47.188647] wlan: [4100:I:ANY] ol_ath_wifi_ssr: ol_ath_wifi_ssr: SSR event 1 bus_type 0
[   47.524460] wlan: [4250:I:ANY] =======ol_if_register_wifi3_0==========
[   47.524460] 
[   47.524505] wlan: [4250:I:ANY] osif_nss_register_module: NSS wifi ops registered for target_type:1 with soc_ops:ffffffbffd977a10
[   47.532660] wlan: [4250:I:ANY] ol_ath_wifi_ssr: ol_ath_wifi_ssr: SSR event 2 bus_type 1
[   47.543996] remoteproc remoteproc0: powering up cd00000.qcom_q6v5_wcss
[   47.551793] remoteproc remoteproc0: Booting fw image IPQ5018/q6_fw.mdt, size 1052
[   47.618259] Subsystem error monitoring/handling services are up
[   47.619581] remoteproc remoteproc0: remote processor cd00000.qcom_q6v5_wcss is now up
[   47.621427] rpmsg_dev_probe: No pm domain
[   47.622187] rpmsg_dev_probe: No pm domain
[   47.631879] cnss[2]: INFO: QMI WLFW service connected, state: 0x1
[   47.632309] cnss[2]: INFO: device_id : 65532 mem mode : [1]
[   47.638489] cnss[2]: INFO: platform name: Qualcomm Technologies, Inc. IPQ5018/AP-MP03.1
[   47.638489] diag: Receiving feature mask length more than Apps support
[   47.646205] cnss[2]: INFO: Target capability: chip_id: 0x0, chip_family: 0x4, board_id: 0xff, soc_id: 0xffffffff, fw_version: 0x2408ffff, fw_build_timestamp: 2021-05-17 06:42, otp_version: 0x0 eeprom_caldata_read_timeout 0s
[   47.646229] cnss[2]: INFO: Boardid from dts:24,FW:ff
[   47.646667] cnss[2]: INFO: BDF location : 0x4ba00000
[   47.646673] cnss[2]: INFO: BDF IPQ5018/bdwlan.b24 size 131072
[   47.647486] cnss[2]: INFO: per device BDF location : 0x4ba20000
[   47.647666] cnss[2]: INFO: CALDATA IPQ5018/caldata.bin size 131072 offset 0x20000
[   47.706364] wlan: [4250:I:ANY] ol_ath_wifi_ssr: ol_ath_wifi_ssr: SSR event 3 bus_type 1
[   47.714058] cnss[2]: INFO: Waiting for FW ready. Device: 0xfffc, FW ready timeout: 15 seconds
[   47.721856] cnss[2]: INFO: FW ready received for device 0xfffc
[   47.731171] wlan: [4250:I:ANY] pld_ahb_wlan_enable: cnss_mode: Mission mode 
[   47.736574] cnss[2]: INFO: Sending mode message, mode: MISSION(0), state: 0x7
[   47.748308] wlan: [4250:I:ANY] qca_napi_create: qca_napi_create: napi instance 0 created on pipe 4
[   47.750896] wlan: [4250:I:ANY] __ol_ath_attach: Allocated soc ffffffc015800880
[   47.760785] wlan: [4250:D:dfs] WLAN_DEBUG_DFS1 : dfs_psoc_obj_create_notification: DFS obj attach to psoc successfully
[   47.767301] wlan: [4250:I:ANY] osif_nss_wifi_soc_setup: nss-wifili:#1 register wifili function for soc 
[   47.777721] wlan: [4250:I:ANY] osif_nss_wifi_soc_setup: nss register id -1 nss config 3 Target Type 1d 
[   47.786569] wlan: [4250:I:ANY] __ol_ath_attach: dev name soc0
[   47.796405] wlan: [4250:I:ANY] ol_ath_soc_attach: WMI attached. wmi_handle ffffffc017facc00 
[   47.806947] wlan: [4250:I:MBSSIE] ol_ath_sanitize_ema_vendor_ie_config: vendor_ie_size: 0 ven_ie_size_nibble: 3
[   47.810290] wlan: [4250:I:MBSSIE] ol_ath_sanitize_ema_vendor_ie_config: vendor_ie_size: 0 ven_ie_size_nibble: 3
[   47.820099] wlan: [4250:I:MBSSIE] ol_ath_sanitize_ema_vendor_ie_config: vendor_ie_size: 0 ven_ie_size_nibble: 3
[   47.830276] wlan: [4250:I:MBSSIE] ol_ath_sanitize_ema_vendor_ie_config: vendor_ie_size: 0 ven_ie_size_nibble: 3
[   47.840237] wlan: [4250:I:MBSSIE] ol_ath_sanitize_ema_vendor_ie_config: vendor_ie_size: 0 ven_ie_size_nibble: 3
[   47.850345] wlan: [4250:I:MBSSIE] ol_ath_sanitize_ema_vendor_ie_config: vendor_ie_size: 0 ven_ie_size_nibble: 3
[   47.861663] wlan: [4250:I:MBSSIE] ol_ath_sanitize_ema_vendor_ie_config: vendor_ie_size: 0 ven_ie_size_nibble: 3
[   47.870457] wlan: [4250:I:MBSSIE] ol_ath_sanitize_ema_vendor_ie_config: vendor_ie_size: 0 ven_ie_size_nibble: 3
[   47.880878] wlan: [4250:I:ANY] htc_wmi_init: HT Create . ffffffc017e78000
[   47.890618] wlan: [4250:I:ANY] htc_wmi_init: Skipping BMI Done
[   47.897470] wlan: [4250:I:ANY] htc_wmi_init: host_enable 0 nss_nwifi_offload 0
[   47.914262] wlan: [4250:I:ANY] ol_target_init_complete: CDP soc attach success
[   47.914296] wlan: [4250:I:ANY] ol_target_init_complete: Soc attach success NSS config 0 
[   47.920757] wlan: [4250:I:ANY] htc_set_async_ep: htc_set_async_ep: htc_handle ffffffc017e78000, ep 2, value 1
[   47.929615] wlan: [1628:I:TIF] HE_CAP Info = 9a08010d
[   47.938631] wlan: [1628:I:TIF] Num HW modes = 1
[   47.943495] wlan: [1628:I:TIF] Num PHY = 1
[   47.947837] wlan: [1628:I:TIF] FW Build Version (Ext.) = 0
[   47.952233] wlan: [1628:I:TIF] HDL Version: MajorVersion.MinorVersion = 0.0
[   47.957512] wlan: [1628:I:TIF] Preferred HW Mode = 0 Num Radios = 1
[   47.965761] wlan: [1628:W:TIF] add_11ax_mode_flags: 11AX wireless modes are not populated by the target in reg capabilities, adding 11AX wireless modes
[   47.970888] wlan: [1628:I:TIF] init_deinit_add_11ax_modes: hw_mode_id = 0 phy_id = 0 wireless modes = 0
[   47.986092] wlan: [1628:I:TIF] init_deinit_alloc_pdevs: CDP PDEV ATTACH success
[   47.993578] wlan: [1628:I:TIF] init_deinit_get_total_num_ema_vaps: num_radios: 1
[   48.000941] wlan: [1628:I:TIF] init_deinit_get_total_num_ema_vaps: ema_max_vap_cnt: 0
[   48.008537] wlan: [1628:I:TIF] init_deinit_get_total_num_vdevs_for_soc: num_vdevs: 9
[   48.016161] wlan: [1628:I:TIF] init_deinit_get_total_num_ema_vaps: num_radios: 1
[   48.024080] wlan: [1628:I:TIF] init_deinit_get_total_num_ema_vaps: ema_max_vap_cnt: 0
[   48.031424] wlan: [1628:I:TIF] init_deinit_get_total_num_vdevs_for_soc: num_vdevs: 9
[   48.039163] wlan: [1628:I:TIF] init_deinit_get_total_beaconing_vdevs_for_soc: beacon_tx_offload_max_vdev: 9
[   48.046914] wlan: [1628:I:TIF] init_deinit_get_total_num_ema_vaps: num_radios: 1
[   48.056610] wlan: [1628:I:TIF] init_deinit_get_total_num_ema_vaps: ema_max_vap_cnt: 0
[   48.065537] wlan: [1628:I:TIF] init_deinit_get_total_num_vdevs_for_soc: num_vdevs: 9
[   48.071908] wlan: [1628:I:TIF] init_deinit_get_total_num_ema_vaps: num_radios: 1
[   48.079673] wlan: [1628:I:TIF] init_deinit_get_total_num_ema_vaps: ema_max_vap_cnt: 0
[   48.086896] wlan: [1628:I:TIF] init_deinit_get_total_num_vdevs_for_soc: num_vdevs: 9
[   48.094715] wlan: [1628:I:ANY] init_deinit_update_pdev_tgt_info: pdev id:0 wmi_handle:ffffffc017facc00
[   48.102946] wlan: [1628:F:DP] dp_rx_enable_mon_dest_frag: Feature DP_RX_MON_MEM_FRAG for mon_dest is enabled
[   48.114782] wlan: [1628:I:ANY] init_deinit_update_pdev_tgt_info: Pdev = 0 Number of peers = 137 vdevs = 9
[   48.121639] wlan: [1628:I:TIF] init_deinit_update_pdev_tgt_info: CDP PDEV INIT success
[   48.233939] wlan: [1628:I:ANY] copy_fw_abi_version_tlv: copy_fw_abi_version_tlv: INIT_CMD version: 1, 0, 0x5f414351, 0x4c4d, 0x0, 0x0
[   48.274796] wlan: [1628:I:ANY] ready_extract_init_status_tlv: ready_extract_init_status_tlv:0
[   48.274848] wlan: [1628:I:ANY] dp_peer_map_attach_wifi3: dp_peer_map_attach_wifi3 max_peers 163, max_ast_index: 528
[   48.274848] 
[   48.284424] wlan: [4250:I:ANY] ol_ath_connect_htc: WMI is ready
[   48.310725] wlan: [4250:I:ANY] ath_get_radio_index: Error: Could not match the device name : wifi%d
[   48.310764] wlan: [4250:E:NSS] [nss-wifili]: pdev:ffffffc012400880 radio_ifnum:28 scheme_id:0 radio_priority:1 
[   48.325813] wlan: [4250:E:TIF] target_if_lro_hash_config: pdev with id 0 is NULL
[   48.333702] wlan: [4250:I:ANY] ol_ath_soc_attach: connect HTC
[   48.336604] wlan: [4250:I:ANY] ol_ath_soc_attach: bypasswmi : 0
[   48.344078] wlan: [4250:I:MSCS] qca_mscs_module_init: 
[   48.344078] ****QCA MSCS Initialization Done**** SoC ffffffc015800880
[   48.347981] wlan: [4250:I:ANY] ol_ath_soc_attach: UMAC attach
[   48.364976] wlan: [4250:I:ANY] __ol_ath_attach: pdev_netdev name wifi0
[   48.365156] wlan: [4250:I:ANY] __ol_ath_attach: Skip txrx_pdev_attach_target
[   48.373275] wlan: [4250:I:ANY] __ol_ath_attach: BURSTING enabled by default
[   48.379477] wlan: [4250:I:ANY] ol_ath_pdev_attach: interface_id 0
[   48.385553] wlan: [4250:I:TIF] ol_ath_pdev_regdmn_init:  phy id = 0 Modes supported
[   48.391948] wlan: [4250:I:TIF] ol_ath_pdev_regdmn_init:  11b = 1 11g = 1 11a = 0 11n = 1 11ac = 1 11ax = 1
[   48.399359] wlan: [4250:I:TIF] ol_ath_pdev_regdmn_init:  Reg cap - phy_id = 0 supp_bnd = 1, modes = 680680c, lo_2g = 2312, hi_2g = 2732 lo_g5 = 0, hi_5g = 0
[   48.410306] wlan: [4250:I:ANY] ol_ath_update_wireless_modes: wireless_modes = 680680c before update
[   48.423635] wlan: [4250:I:ANY] ol_ath_update_wireless_modes: Wireless_modes = 680680c after update
[   48.431936] wlan: [4250:I:ANY] ol_ath_update_ext_caps: 11ax 2G supported case
[   48.441412] wlan: [4250:I:MBSSIE] ol_ath_assign_mbssid_ref_bssid: MBSSID reference bssid is a6:39:b3:d1:46:f4 soc: soc0 pdev: wifi0
[   48.448728] wlan: [4250:I:MBSSIE] ieee80211_mbss_attach: :>
[   48.461591] wlan: [4250:I:MBSSIE] ieee80211_mbss_attach: :<
[   48.465305] wlan: [4250:I:ANY] ol_resmgr_create: OL Resmgr Init-ed
[   48.471476] wlan: [4250:I:ANY] acfg_attach: acfg_attach: 3288: Netlink socket created:ffffffc017e4a400
[   48.477278] wlan: [4250:I:ANY] ol_ath_stats_attach: periodic_chan_stats: 1
[   48.487347] wlan: [4250:I:ANY] wlan_scan_update_channel_list: num_chan: 11
[   48.493453] wlan: [0:I:ANY] ol_ath_pdev_attach: Set global_ic[1], ptr:ffffffbffd203fe0
[   48.500064] wlan: [0:I:ANY] dp_lag_soc_enable: pdev(ffffffc0189efc08) Enabling DBDC Repeater 0 
[   48.508171] wlan: [0:E:NSS] [nss-wifili]: NSS Wifili DBDC Repeater enable message passed
[   48.517262] wlan: [0:I:ANY] dp_lag_pdev_set_primary_radio: pdev(ffffffc0189efc08) is_primary 0 
[   48.525488] wlan: [0:I:ANY] ol_ath_twt_enable_complete_event_handler: twt enabled
[   48.538724] wlan: [4250:I:ANY] ol_ath_pri20_cfg_blockchanlist_parse: cfg block channel list is empty
[   48.540933] wlan: [4250:I:ANY] ol_ath_configure_cong_ctrl_max_msdus: pdev_idx = 0 tx_desc_limit = 8192
[   48.550376] wlan: [4250:I:ANY] osif_wrap_attach: osif wrap attached
[   48.550376] 
[   48.561685] wlan: [4250:I:ANY] osif_wrap_devt_init: osif wrap dev table init done
[   48.561685] 
[   48.571493] wlan: [4250:I:ANY] osif_wrap_attach:  Wrap Attached: Wrap_com =ffffffc017e4b000 ic->ic_wrap_com=ffffffc017e4b000 &wrap_com->wc_devt=ffffffc017e4b000 
[   48.571493] 
[   48.576007] wlan: [4250:I:ANY] __ol_ath_attach: needed_headroom reservation 60
[   48.592005] wlan: [4250:I:ANY] ol_ath_enable_fraglist: Enabled Fraglist bit for the radio wifi0 features 41 
[   48.599139] wlan: [4250:I:ANY] wlan_cfg80211_init: Number of 2G channels: 11 
[   48.613600] wlan: [4250:I:ANY] ieee80211_cfg80211_radio_attach: ic: 0xffffffc012400880, wdev: 0xffffffc012418ad0, wiphy: 0xffffffc012773aa0, netdev: 0xffffffc012400000 
[   48.616264] ipaccount: ifname [wifi0] event[16]
[   48.639616] ipaccount: ifname [wifi0] event[5]
[   48.640129] wlan: [4250:I:Dynamic Mode Change] ol_ath_check_and_reconfig_hw_mode: Running with HW mode = 0
[   48.643236] ipaccount: ifname [soc0] event[16]
[   48.663339] ipaccount: ifname [soc0] event[5]
[   48.663534] wlan: [4250:E:QLD] qld_register: Handle or address is NULL
[   48.666871] wlan: [4250:I:ANY] wlan_pdev_operation: num_radios=1, wifi_radios[0].sc = ffffffc012400880_radio_type = 2
[   48.682659] wlan: [4250:I:ANY] ol_ath_wifi_ssr: ol_ath_wifi_ssr: SSR event 2 bus_type 0
[   48.684181] cnss_pci 0001:01:00.0: BAR 0: assigned [mem 0xa0400000-0xa05fffff 64bit]
[   48.695423] cnss[27]: ERR: Unable to create CNSS MHI IPC log context
[   49.045524] wlan: [4250:I:ANY] ol_ath_wifi_ssr: ol_ath_wifi_ssr: SSR event 3 bus_type 0
[   49.045585] cnss[27]: INFO: Waiting for FW ready. Device: 0x1104, FW ready timeout: 15 seconds
[   49.064261] cnss[27]: INFO: QMI WLFW service connected, state: 0x11
[   49.089598] cnss[27]: INFO: device_id : 4356 mem mode : [1]
[   49.089638] cnss[27]: INFO: platform name: Qualcomm Technologies, Inc. IPQ5018/AP-MP03.1
[   49.144245] cnss[27]: INFO: Target capability: chip_id: 0x0, chip_family: 0x0, board_id: 0xff, soc_id: 0xffffffff, fw_version: 0x2408ffff, fw_build_timestamp: 2021-05-17 06:31, otp_version: 0x0 eeprom_caldata_read_timeout 0s
[   49.144938] cnss[27]: INFO: Downloading BDF: qcn9000/bdwlan.ba0, size: 131072
[   49.219708] cnss[27]: INFO: Downloading BDF: qcn9000/caldata_1.bin, size: 131072
[   49.268452] cnss[27]: INFO: FW ready received for device 0x1104
[   49.269880] cnss[27]: INFO: Sending mode message, mode: MISSION(0), state: 0x17
[   49.323857] wlan: [4250:I:ANY] qca_napi_create: qca_napi_create: napi instance 0 created on pipe 4
[   49.324479] wlan: [4250:I:ANY] __ol_ath_attach: Allocated soc ffffffc00fd00880
[   49.335278] wlan: [4250:D:dfs] WLAN_DEBUG_DFS1 : dfs_psoc_obj_create_notification: DFS obj attach to psoc successfully
[   49.341502] wlan: [4250:E:QDF] CONFIG creation failed
[   49.351582] wlan: [4250:I:ANY] osif_nss_wifi_soc_setup: nss-wifili:#1 register wifili function for soc 
[   49.354826] wlan: [4250:I:ANY] osif_nss_wifi_soc_setup: nss register id -1 nss config 3 Target Type 1a 
[   49.378555] wlan: [4250:I:ANY] __ol_ath_attach: dev name soc1
[   49.379358] wlan: [4250:I:ANY] ol_ath_soc_attach: WMI attached. wmi_handle ffffffc01652d000 
[   49.395047] wlan: [4250:I:MBSSIE] ol_ath_sanitize_ema_vendor_ie_config: vendor_ie_size: 0 ven_ie_size_nibble: 3
[   49.395082] wlan: [4250:I:MBSSIE] ol_ath_sanitize_ema_vendor_ie_config: vendor_ie_size: 0 ven_ie_size_nibble: 3
[   49.405767] wlan: [4250:I:MBSSIE] ol_ath_sanitize_ema_vendor_ie_config: vendor_ie_size: 0 ven_ie_size_nibble: 3
[   49.415144] wlan: [4250:I:MBSSIE] ol_ath_sanitize_ema_vendor_ie_config: vendor_ie_size: 0 ven_ie_size_nibble: 3
[   49.437172] wlan: [4250:I:MBSSIE] ol_ath_sanitize_ema_vendor_ie_config: vendor_ie_size: 0 ven_ie_size_nibble: 3
[   49.437206] wlan: [4250:I:MBSSIE] ol_ath_sanitize_ema_vendor_ie_config: vendor_ie_size: 0 ven_ie_size_nibble: 3
[   49.448511] wlan: [4250:I:MBSSIE] ol_ath_sanitize_ema_vendor_ie_config: vendor_ie_size: 0 ven_ie_size_nibble: 3
[   49.456288] wlan: [4250:I:MBSSIE] ol_ath_sanitize_ema_vendor_ie_config: vendor_ie_size: 0 ven_ie_size_nibble: 3
[   49.471387] wlan: [4250:I:ANY] htc_wmi_init: HT Create . ffffffc0103e0000
[   49.476362] wlan: [4250:I:ANY] htc_wmi_init: Skipping BMI Done
[   49.484628] wlan: [4250:I:ANY] htc_wmi_init: host_enable 0 nss_nwifi_offload 0
[   49.494715] wlan: [4250:F:ANY] dp_config_full_mon_mode: Configure full monitor mode val: 1 
[   49.508819] wlan: [4250:I:ANY] ol_target_init_complete: CDP soc attach success
[   49.508877] wlan: [4250:I:ANY] ol_target_init_complete: Soc attach success NSS config 0 
[   49.515246] wlan: [4250:I:ANY] htc_set_async_ep: htc_set_async_ep: htc_handle ffffffc0103e0000, ep 2, value 1
[   49.526940] wlan: [3818:I:TIF] HE_CAP Info = 9a08010d
[   49.535339] wlan: [3818:I:TIF] Num HW modes = 1
[   49.538099] wlan: [3818:I:TIF] Num PHY = 1
[   49.544258] wlan: [3818:I:TIF] FW Build Version (Ext.) = 199
[   49.547318] wlan: [3818:I:TIF] HDL Version: MajorVersion.MinorVersion = 7.3
[   49.574570] wlan: [3818:I:TIF] Preferred HW Mode = 0 Num Radios = 1
[   49.574689] wlan: [3818:W:TIF] add_11ax_mode_flags: 11AX wireless modes are not populated by the target in reg capabilities, adding 11AX wireless modes
[   49.581089] wlan: [3818:I:TIF] init_deinit_add_11ax_modes: hw_mode_id = 0 phy_id = 0 wireless modes = 0
[   49.599462] wlan: [3818:I:TIF] init_deinit_alloc_pdevs: CDP PDEV ATTACH success
[   49.602617] wlan: [3818:I:TIF] init_deinit_get_total_num_ema_vaps: num_radios: 1
[   49.611829] wlan: [3818:I:TIF] init_deinit_get_total_num_ema_vaps: ema_max_vap_cnt: 0
[   49.617555] wlan: [3818:I:TIF] init_deinit_get_total_num_vdevs_for_soc: num_vdevs: 9
[   49.648515] wlan: [3818:I:TIF] init_deinit_get_total_num_ema_vaps: num_radios: 1
[   49.648550] wlan: [3818:I:TIF] init_deinit_get_total_num_ema_vaps: ema_max_vap_cnt: 0
[   49.655175] wlan: [3818:I:TIF] init_deinit_get_total_num_vdevs_for_soc: num_vdevs: 9
[   49.676362] wlan: [3818:I:TIF] init_deinit_get_total_beaconing_vdevs_for_soc: beacon_tx_offload_max_vdev: 9
[   49.676408] wlan: [3818:I:TIF] init_deinit_get_total_num_ema_vaps: num_radios: 1
[   49.697179] wlan: [3818:I:TIF] init_deinit_get_total_num_ema_vaps: ema_max_vap_cnt: 0
[   49.697225] wlan: [3818:I:TIF] init_deinit_get_total_num_vdevs_for_soc: num_vdevs: 9
[   49.718480] wlan: [3818:I:TIF] init_deinit_get_total_num_ema_vaps: num_radios: 1
[   49.718516] wlan: [3818:I:TIF] init_deinit_get_total_num_ema_vaps: ema_max_vap_cnt: 0
[   49.725040] wlan: [3818:I:TIF] init_deinit_get_total_num_vdevs_for_soc: num_vdevs: 9
[   49.734776] wlan: [3818:I:ANY] init_deinit_update_pdev_tgt_info: pdev id:0 wmi_handle:ffffffc01652d000
[   49.745550] wlan: [3818:F:DP] dp_rx_enable_mon_dest_frag: Feature DP_RX_MON_MEM_FRAG for mon_dest is enabled
[   49.756472] wlan: [3818:I:ANY] init_deinit_update_pdev_tgt_info: Pdev = 0 Number of peers = 137 vdevs = 9
[   49.761007] wlan: [3818:I:TIF] init_deinit_update_pdev_tgt_info: CDP PDEV INIT success
[   49.871794] wlan: [3818:I:ANY] copy_fw_abi_version_tlv: copy_fw_abi_version_tlv: INIT_CMD version: 1, 0, 0x5f414351, 0x4c4d, 0x0, 0x0
[   50.197619] wlan: [696:I:ANY] ready_extract_init_status_tlv: ready_extract_init_status_tlv:0
[   50.197667] wlan: [696:I:ANY] dp_peer_map_attach_wifi3: dp_peer_map_attach_wifi3 max_peers 163, max_ast_index: 528
[   50.197667] 
[   50.213627] wlan: [4250:I:ANY] ol_ath_connect_htc: WMI is ready
[   50.236965] wlan: [4250:I:ANY] ath_get_radio_index: Error: Could not match the device name : wifi%d
[   50.237008] wlan: [4250:E:NSS] [nss-wifili]: pdev:ffffffc00f760880 radio_ifnum:29 scheme_id:1 radio_priority:0 
[   50.254946] wlan: [4250:E:TIF] target_if_lro_hash_config: pdev with id 0 is NULL
[   50.255464] wlan: [4250:I:ANY] ol_ath_soc_attach: connect HTC
[   50.262707] wlan: [4250:I:ANY] ol_ath_soc_attach: bypasswmi : 0
[   50.268207] wlan: [4250:I:MSCS] qca_mscs_module_init: 
[   50.268207] ****QCA MSCS Initialization Done**** SoC ffffffc00fd00880
[   50.273952] wlan: [4250:I:ANY] ol_ath_soc_attach: UMAC attach
[   50.285953] wlan: [4250:I:ANY] __ol_ath_attach: pdev_netdev name wifi1
[   50.291453] wlan: [4250:I:ANY] __ol_ath_attach: Skip txrx_pdev_attach_target
[   50.308467] wlan: [4250:I:ANY] __ol_ath_attach: BURSTING enabled by default
[   50.308697] wlan: [4250:I:ANY] ol_ath_pdev_attach: interface_id 1
[   50.314261] wlan: [4250:I:TIF] ol_ath_pdev_regdmn_init:  phy id = 0 Modes supported
[   50.364543] wlan: [4250:I:TIF] ol_ath_pdev_regdmn_init:  11b = 0 11g = 0 11a = 1 11n = 1 11ac = 1 11ax = 1
[   50.364589] wlan: [4250:I:TIF] ol_ath_pdev_regdmn_init:  Reg cap - phy_id = 0 supp_bnd = 2, modes = f97f9001, lo_2g = 0, hi_2g = 0 lo_g5 = 4900, hi_5g = 5920
[   50.373197] wlan: [4250:I:ANY] ol_ath_update_wireless_modes: wireless_modes = f97f9001 before update
[   50.387798] wlan: [4250:I:ANY] ol_ath_update_wireless_modes: Wireless_modes = f97f9001 after update
[   50.396500] wlan: [4250:I:ANY] ol_ath_update_ext_caps: 11ax 5G supported case
[   50.405734] wlan: [4250:I:MBSSIE] ol_ath_assign_mbssid_ref_bssid: MBSSID reference bssid is a6:39:b3:d1:46:e5 soc: soc1 pdev: wifi1
[   50.412793] wlan: [4250:I:MBSSIE] ieee80211_mbss_attach: :>
[   50.424452] wlan: [4250:I:MBSSIE] ieee80211_mbss_attach: :<
[   50.429993] wlan: [4250:I:ANY] ol_resmgr_create: OL Resmgr Init-ed
[   50.435705] wlan: [4250:I:ANY] acfg_attach: acfg_attach: Offload using existing sock ffffffc017e4a400
[   50.443853] wlan: [4250:I:ANY] acfg_attach: Offload using existing sock ffffffc017e4a400
[   50.443853] 
[   50.450945] wlan: [4250:I:ANY] ol_ath_stats_attach: periodic_chan_stats: 1
[   50.462569] wlan: [4250:I:ANY] wlan_scan_update_channel_list: num_chan: 25
[   50.467243] wlan: [0:I:ANY] ol_ath_pdev_attach: Set global_ic[2], ptr:ffffffbffd203fe0
[   50.474048] wlan: [0:I:ANY] dp_lag_soc_enable: pdev(ffffffc01652e408) Enabling DBDC Repeater 0 
[   50.482059] wlan: [0:E:NSS] [nss-wifili]: NSS Wifili DBDC Repeater enable message passed
[   50.482490] wlan: [0:I:ANY] dp_lag_pdev_set_primary_radio: pdev(ffffffc01652e408) is_primary 0 
[   50.489758] wlan: [4250:I:ANY] ol_ath_pri20_cfg_blockchanlist_parse: cfg block channel list is empty
[   50.489778] wlan: [4250:I:ANY] ol_ath_configure_cong_ctrl_max_msdus: pdev_idx = 0 tx_desc_limit = 8192
[   50.489812] wlan: [4250:I:ANY] osif_wrap_attach: osif wrap attached
[   50.489812] 
[   50.489818] wlan: [4250:I:ANY] osif_wrap_devt_init: osif wrap dev table init done
[   50.489818] 
[   50.489829] wlan: [4250:I:ANY] osif_wrap_attach:  Wrap Attached: Wrap_com =ffffffc007afdc00 ic->ic_wrap_com=ffffffc007afdc00 &wrap_com->wc_devt=ffffffc007afdc00 
[   50.489829] 
[   50.489915] wlan: [4250:I:ANY] __ol_ath_attach: needed_headroom reservation 60
[   50.489927] wlan: [4250:I:ANY] ol_ath_enable_fraglist: Enabled Fraglist bit for the radio wifi1 features 41 
[   50.490523] wlan: [4250:I:ANY] ieee80211_cfg80211_radio_attach: ic: 0xffffffc00f760880, wdev: 0xffffffc00f778ad0, wiphy: 0xffffffc0173b0aa0, netdev: 0xffffffc00f760000 
[   50.490672] ipaccount: ifname [wifi1] event[16]
[   50.491718] ipaccount: ifname [wifi1] event[5]
[   50.492258] wlan: [4250:I:Dynamic Mode Change] ol_ath_check_and_reconfig_hw_mode: Running with HW mode = 0
[   50.492375] ipaccount: ifname [soc1] event[16]
[   50.493232] ipaccount: ifname [soc1] event[5]
[   50.493477] wlan: [4250:E:QLD] qld_register: Handle or address is NULL
[   50.493535] wlan: [4250:I:ANY] wlan_pdev_operation: num_radios=2, wifi_radios[1].sc = ffffffc00f760880_radio_type = 2
[   50.493554] Event 0x3 is registered for RC 1
[   50.493586] wlan: [4250:I:ANY] init_ath_pci_3_0: 6ath_ol_pci_wifi3.0 :  (Atheros/multi-bss)
[   50.537049] wlan: [4467:I:ANY] osif_nss_register_module: NSS wifi ops registered for target_type:0 with soc_ops:ffffffbffda3bfc0
[   50.537755] wlan: [4467:I:ANY] init_ath_pci_2_0: 6ath_ol_pci_2_0:  (Atheros/multi-bss)
[   50.538017] ath_ol_pci_2_0 0000:01:00.0: enabling device (0000 -> 0002)
[   50.615771] wlan: [4467:I:ANY] hif_set_hia_extnd: 
[   50.615771]  CLOCK PLL skipped
[   50.617926] wlan: [4467:E:HIF] hif_pci_configure_legacy_irq: X, ret = 0
[   50.617948] wlan: [4467:I:ANY] qca_napi_create: qca_napi_create: napi instance 32 created on pipe 4
[   50.618478] wlan: [4467:I:ANY] __ol_ath_attach: Allocated soc ffffffc007500880
[   50.618664] wlan: [4467:D:dfs] WLAN_DEBUG_DFS1 : dfs_psoc_obj_create_notification: DFS obj attach to psoc successfully
[   50.619126] wlan: [4467:E:CONFIG] cfg_uint_item_handler: num_vdevs_pdev0=16 - Out of range [1, 9]; Using 9
[   50.619136] wlan: [4467:E:CONFIG] cfg_uint_item_handler: num_peers_pdev0=512 - Out of range [1, 128]; Using 128
[   50.619144] wlan: [4467:E:CONFIG] cfg_uint_item_handler: num_monitor_pdev0=1 - Out of range [0, 0]; Using 0
[   50.619180] wlan: [4467:E:QDF] CONFIG creation failed
[   50.619189] wlan: [4467:E:QDF] cmdresp creation failed 0x0000000000000000
[   50.619253] wlan: [4467:I:ANY] osif_nss_wifi_soc_setup: nss register id -1 nss config 3 Target Type 7 
[   50.619286] wlan: [4467:I:ANY] __ol_ath_attach: dev name soc2
[   50.619361] wlan: [4467:I:ANY] ol_target_init: BMI inited.
[   50.773384] wlan: [0:I:ANY] ol_ath_twt_enable_complete_event_handler: twt enabled
[   50.776836] wlan: [4467:I:ANY] ol_target_init: BMI Get Target Info.
[   50.785096] wlan: [4467:I:ANY] ol_target_init: Chip id: 0x7, chip version: 0x4100016d
[   50.791027] wlan: [4467:I:ANY] ol_ath_host_config_update: 6
[   50.791027]  CE WAR Disabled
[   50.791027] 
[   50.798745] wlan: [4467:I:ANY] ol_ath_configure_target: NUM_DEV=1 FWMODE=0x2 FWSUBMODE=0x0 FWBR_BUF 0
[   50.808323] wlan: [4467:I:ANY] ol_target_init: configure Target .
[   50.818156] wlan: [4467:I:ANY] ol_transfer_bin_file: flash data file defined
[   50.824302] wlan: [4467:I:ANY] ol_transfer_bin_file: Get Caldata for soc2.
[   50.832474] wlan: [4467:I:ANY] qc98xx_verify_checksum: flash checksum passed: 0x87bb
[   50.837243] wlan: [4467:I:ANY] ol_transfer_bin_file: Download Flash data len 2116
[   50.846822] wlan: [4467:I:ANY] ol_transfer_bin_file: Board extended Data download address: 0x0
[   50.857420] wlan: [4467:I:ANY] ol_download_cal_data: Board data file: 4 successfully downloaded, download address: 0000000000401cc0
[   50.862448] wlan: [4467:I:ANY] ol_transfer_bin_file: Mission mode: Firmware CHIP Version 0
[   50.881027] wlan: [4467:W:ANY] check_path_exists: Path /lib/firmware/AR9887/athwlan.codeswap.bin doesnt exist
[   50.881128] wlan: [4467:W:ANY] check_path_exists: Path /lib/firmware/AR9887/athwlan.dataswap.bin doesnt exist
[   50.891291] wlan: [4467:I:ANY] ol_transfer_bin_file: Downloading firmware file: AR9887/athwlan.bin
[   51.000719] wlan: [4467:I:ANY] ol_transfer_bin_file: downloading file 1, Download data len 235416
[   52.020015] wlan: [4467:I:ANY] ol_target_init: Download FW done. 
[   52.020420] wlan: [4467:I:ANY] ol_ath_soc_attach: WMI attached. wmi_handle ffffffc010b12800 
[   52.025201] wlan: [4467:I:MBSSIE] ol_ath_sanitize_ema_vendor_ie_config: vendor_ie_size: 0 ven_ie_size_nibble: 3
[   52.035352] wlan: [4467:I:MBSSIE] ol_ath_sanitize_ema_vendor_ie_config: vendor_ie_size: 0 ven_ie_size_nibble: 3
[   52.044643] wlan: [4467:I:MBSSIE] ol_ath_sanitize_ema_vendor_ie_config: vendor_ie_size: 0 ven_ie_size_nibble: 3
[   52.054409] wlan: [4467:I:MBSSIE] ol_ath_sanitize_ema_vendor_ie_config: vendor_ie_size: 0 ven_ie_size_nibble: 3
[   52.064480] wlan: [4467:I:MBSSIE] ol_ath_sanitize_ema_vendor_ie_config: vendor_ie_size: 0 ven_ie_size_nibble: 3
[   52.074679] wlan: [4467:I:MBSSIE] ol_ath_sanitize_ema_vendor_ie_config: vendor_ie_size: 0 ven_ie_size_nibble: 3
[   52.085101] wlan: [4467:I:MBSSIE] ol_ath_sanitize_ema_vendor_ie_config: vendor_ie_size: 0 ven_ie_size_nibble: 3
[   52.093996] wlan: [4467:I:MBSSIE] ol_ath_sanitize_ema_vendor_ie_config: vendor_ie_size: 0 ven_ie_size_nibble: 3
[   52.104059] wlan: [4467:I:ANY] htc_wmi_init: HT Create . ffffffc008178000
[   52.114222] wlan: [4467:I:ANY] htc_wmi_init: host_enable 1 nss_nwifi_offload 0
[   52.124971] wlan: [4467:I:ANY] ol_soc_pdev_attach: soc=ffffffc007500880 0000000000000000 -1 
[   52.128229] wlan: [4467:I:ANY] ol_target_init_complete: CDP soc attach success
[   52.136732] wlan: [4467:I:ANY] ol_target_init_complete: Soc attach success NSS config 0 
[   52.143837] wlan: [4467:I:ANY] htc_set_async_ep: htc_set_async_ep: htc_handle ffffffc008178000, ep 2, value 1
[   52.152926] wlan: [696:I:TIF] init_deinit_sw_version_check: Firmware_Build_Number:0
[   52.161853] wlan: [696:E:TIF] init_deinit_sw_version_check: host/RAM_fw Build Ver Mismatch: H:0x19, F:0x0 !
[   52.169253] wlan: [696:E:TIF] init_deinit_sw_version_check: host/RAM_fw uses same Ver: Major:0x1, Minor:0x0,Release:0x0, Build:0x19
[   52.180283] wlan: [696:E:TIF] init_deinit_populate_fw_version_cmd: failed to save fw version
[   52.190876] wlan: [696:I:TIF] init_deinit_update_large_ap_config: LARGE_AP enabled. num_peers 137, num_vdevs 9, num_tids 256
[   52.199599] wlan: [696:I:TIF] init_deinit_mem_mgr_alloc_chunk: req_id 1 idx 0 num_units 138 unit_len 404
[   52.211435] wlan: [696:D:dfs] WLAN_DEBUG_DFS_ALWAYS : dfs_main_attach: event log enabled by default
[   52.221283] wlan: [696:D:dfs] WLAN_DEBUG_DFS_ALWAYS : dfs_get_po_radars: UNINIT domain
[   52.229243] wlan: [696:I:TIF] init_deinit_get_total_num_ema_vaps: num_radios: 1
[   52.236799] wlan: [696:I:TIF] init_deinit_get_total_num_ema_vaps: ema_max_vap_cnt: 0
[   52.244071] wlan: [696:I:TIF] init_deinit_get_total_num_vdevs_for_soc: num_vdevs: 9
[   52.252150] wlan: [696:I:ANY] init_deinit_update_pdev_tgt_info: pdev id:0 wmi_handle:ffffffc010b12800
[   52.259516] wlan: [696:I:ANY] ol_tx_pflow_ctrl_init: Startup Mode-0 set
[   52.268796] wlan: [696:I:ANY] ol_txrx_pdev_attach: pdev attach scn = ffffffc0076a0880, scn ctx = 0000000000000000 scn ifnum = 0
[   52.275166] wlan: [696:I:ANY] ol_txrx_pdev_attach: pdev attach soc = ffffffc007500880, soc ctx = 0000000000000000, soc id = -1 soc ifnum = 0 
[   52.288327] wlan: [696:I:ANY] htt_alloc_peer_map_mem: 
[   52.288327]  htt_alloc_peer_map_mem : Alloc Success : host q vaddr ffffffc00f3c8000 paddr 503c8000
[   52.299541] wlan: [696:I:ANY] htt_alloc_peer_map_mem: 
[   52.299541]  htt_alloc_peer_map_mem : Flush Interval Configured to 256 pkts
[   52.316532] wlan: [696:I:ANY] 6
[   52.316532] <=== cfg max peer id 2080 ====>
[   52.316532] 
[   52.326235] wlan: [696:I:ANY] ol_txrx_pdev_attach: 61424 tx desc's allocated ; range starts from ffffffc006da0000
[   52.335362] wlan: [696:I:ANY] init_deinit_update_pdev_tgt_info: Pdev = 0 Number of peers = 137 vdevs = 9
[   52.344789] wlan: [696:I:TIF] init_deinit_update_pdev_tgt_info: CDP PDEV INIT success
[   52.462553] wlan: [0:I:ANY] ol_ath_debug_print_event_handler: FIRMWARE:P 138 V 9 T 422
[   52.462553] 
[   52.467781] wlan: [696:E:TIF] init_deinit_ready_event_handler: agile capability disabled in HW
[   52.470959] wlan: [4467:I:ANY] __ol_ath_check_wmi_ready: ABI Version mismatch: Host(0x3), Target(0x0)
[   52.481230] wlan: [4467:I:ANY] ol_ath_connect_htc: WMI is ready
[   52.488877] wlan: [4467:E:CMN_MLME] target_if_vdev_mgr_wmi_event_register: failed to register for delete response
[   52.494604] wlan: [4467:E:DIRECT_BUF_RX] direct_buf_rx_target_attach: hal soc or osdev is null
[   52.506296] wlan: [4467:E:ANY] ol_ath_soc_attach: Direct Buffer Rx Target Attach Failed
[   52.514095] wlan: [4467:I:ANY] ol_ath_soc_attach: connect HTC
[   52.522023] wlan: [4467:I:ANY] ol_ath_soc_attach: bypasswmi : 0
[   52.527205] wlan: [4467:I:ANY] ol_ath_soc_attach: UMAC attach
[   52.534004] wlan: [4467:I:ANY] __ol_ath_attach: pdev_netdev name wifi2
[   52.539580] wlan: [4467:I:ANY] __ol_ath_attach: nss-wifi: update radio nss context with soc context for legay radio
[   52.545323] wlan: [4467:I:ANY] htt_h2t_frag_desc_bank_cfg_msg: HTT_H2T_MSG_TYPE_FRAG_DESC_BANK_CFG sent to FW for SoC ID = 2
[   52.545358] wlan: [0:I:ANY] htt_t2h_msg_handler_misc: 6target uses HTT version 2.2; host uses 2.2
[   52.574825] wlan: [4467:I:ANY] __ol_ath_attach: BURSTING enabled by default
[   52.575975] wlan: [4467:I:ANY] ol_ath_pdev_attach: interface_id 2
[   52.584355] wlan: [4467:E:ANY] ol_ath_update_caps: Hw capability for nac is not supported
[   52.590090] wlan: [4467:I:ANY] ol_ath_pdev_regdmn_init: Band 2G or 5G check failed. LDPC is not updated. Supported bands = 0
[   52.597078] wlan: [4467:I:ANY] ol_ath_update_fw_adfs_support: Returning due to null table
[   52.611132] wlan: [4467:I:ANY] ol_regdmn_start: ol_regdmn_start: reg-domain param: regdmn=0, countryName=, wModeSelect=FFFFFFFF, netBand=FFFFFFFF, extendedChanMode=0.
[   52.620816] wlan: [4467:D:dfs] WLAN_DEBUG_DFS_ALWAYS : dfs_get_po_radars: FCC domain
[   52.631489] wlan: [4467:I:MBSSIE] ol_ath_assign_mbssid_ref_bssid: MBSSID reference bssid is a6:39:b3:d1:46:35 soc: soc2 pdev: wifi2
[   52.640611] wlan: [4467:I:MBSSIE] ieee80211_mbss_attach: :>
[   52.651657] wlan: [4467:I:MBSSIE] ieee80211_mbss_attach: :<
[   52.656204] wlan: [4467:I:ANY] ol_resmgr_create: OL Resmgr Init-ed
[   52.663699] wlan: [4467:I:ANY] acfg_attach: acfg_attach: Offload using existing sock ffffffc017e4a400
[   52.667979] wlan: [4467:I:ANY] acfg_attach: Offload using existing sock ffffffc017e4a400
[   52.667979] 
[   52.679192] wlan: [4467:I:ANY] ol_ath_stats_attach: periodic_chan_stats: 1
[   52.687594] wlan: [4467:I:ANY] ol_txrx_mgmt_tx_cb_set: >>>> CB Set 0000000000000000
[   52.696526] wlan: [4467:I:ANY] wlan_scan_update_channel_list: num_chan: 36
[   52.703067] wlan: [0:I:ANY] ol_ath_pdev_attach: Set global_ic[3], ptr:ffffffbffd203fe0
[   52.708130] wlan: [0:I:ANY] dp_lag_pdev_set_primary_radio: pdev(ffffffc00806b008) is_primary 0 
[   52.717635] wlan: [4467:E:CFR] tgt_cfr_init_pdev: Error occurred with exit code 11
[   52.717635] 
[   52.725970] wlan: [4467:E:CFR] wlan_cfr_pdev_open: tgt_cfr_init_pdev failed with 11
[   52.725970] 
[   52.735316] wlan: [4467:E:ANY] ol_ath_set_obss_pd_threshold: WMI send for set cmd obss pd threshold failed
[   52.744192] wlan: [4467:E:ANY] ol_ath_set_obss_pd_enable_bit: Could not set obss pd thresh enable val
[   52.753456] wlan: [4467:I:ANY] ol_ath_pri20_cfg_blockchanlist_parse: cfg block channel list is empty
[   52.762577] wlan: [4467:I:ANY] ol_ath_configure_cong_ctrl_max_msdus: pdev_idx = 0 tx_desc_limit = 0
[   52.771884] wlan: [4467:I:ANY] osif_wrap_attach: osif wrap attached
[   52.771884] 
[   52.780710] wlan: [4467:I:ANY] osif_wrap_devt_init: osif wrap dev table init done
[   52.780710] 
[   52.787687] wlan: [4467:I:ANY] osif_wrap_attach:  Wrap Attached: Wrap_com =ffffffc007afc800 ic->ic_wrap_com=ffffffc007afc800 &wrap_com->wc_devt=ffffffc007afc800 
[   52.787687] 
[   52.798029] wlan: [4467:I:ANY] __ol_ath_attach: hard_header_len reservation 74
[   52.813117] wlan: [4467:I:ANY] wlan_cfg80211_init: Number of 2G channels: 11 
[   52.821585] wlan: [4467:I:ANY] ieee80211_cfg80211_radio_attach: ic: 0xffffffc0076a0880, wdev: 0xffffffc0076b8ad0, wiphy: 0xffffffc007b0baa0, netdev: 0xffffffc0076a0000 
[   52.826913] ipaccount: ifname [wifi2] event[16]
[   52.845221] ipaccount: ifname [wifi2] event[5]
[   52.846602] wlan: [4467:I:ANY] ol_ath_thermal_mitigation_attach: ol_ath_thermal_mitigation_attach: TT not supported in FW
[   52.846602] 
[   52.850744] wlan: [4467:I:Dynamic Mode Change] ol_ath_check_and_reconfig_hw_mode: Running with HW mode = 0
[   52.866656] ipaccount: ifname [soc2] event[16]
[   52.876606] ipaccount: ifname [soc2] event[5]
[   52.877297] wlan: [4467:E:QLD] qld_register: Handle or address is NULL
[   52.884731] wlan: [4467:I:ANY] wlan_pdev_operation: num_radios=3, wifi_radios[2].sc = ffffffc0076a0880_radio_type = 2
[   52.889944] Event 0x3 is registered for RC 0
[   52.917150] wlan: [4655:I:ANY] pktlog_init_2_0: Initializing Pktlog for AR9888, pktlog_hdr_size = 16
[   53.121036] wlan: [3818:E:ANY] [soc2] FWLOG: [53340] WHAL_ERROR_RESET_PM ( )
[   53.121036] 
[   53.121077] wlan: [3818:E:ANY] [soc2] FWLOG: [53464] WHAL_ERROR_RESET_PM ( )
[   53.121077] 
[   53.132242] wlan: [3818:E:ANY] [soc2] FWLOG: [53469] WHAL_ERROR_RESET_PM ( )
[   53.132242] 
[   53.137056] wlan: [3818:E:ANY] [soc2] FWLOG: [53501] WAL_DBGID_PDEV_INFO_PRINT ( 0x16, 0x10, 0x10)
[   53.137056] 
[   55.030211] wlan: [5276:I:ANY] wlan_scan_update_channel_list: num_chan: 13
[   55.030377] wlan: [5276:I:ANY] number of channels: 2G = 13 5G = 0, 6G = 0
[   55.035975] wlan: [5276:I:ANY] wlan_cfg80211_set_country: wlan_cfg80211_set_country: Country: CN ret: 0 
[   55.344305] wlan: [5292:I:Monitor Filter] dp_mon_ht2_rx_ring_cfg: srng type 2 Max_mac_rings 1 
[   55.344432] wlan: [5292:I:Monitor Filter] dp_mon_ht2_rx_ring_cfg: srng type 1 Max_mac_rings 1 
[   55.471853] wlan: [5314:I:ANY] wlan_cfg80211_set_hwaddr: wlan_cfg80211_set_hwaddr :a4:39:b3:d1:46:6a ret: 0 
[   55.543722] wlan: [5330:I:ANY] ol_ath_set_config_param: set TXBF_SND_PERIOD: val 100 stat 0
[   55.768135] wlan: [0:I:ANY] ol_ath_set_config_param: Disconnect_timeout value: 10
[   55.821273] wlan: [0:I:ANY] ol_ath_set_config_param: Reconfiguration_timeout value:60
[   56.213811] ipaccount: ifname [wifi0] event[13]
[   56.214361] ipaccount: ifname [wifi0] event[1]
[   56.403050] wlan: [5467:I:ANY] wlan_cfg80211_add_virtual_intf: proprietary mode 6 for interface: wl1 : clone params: 0x00000001 
[   56.403125] wlan: [5467:I:MBSSIE] osif_mbssid_sanity_check: mbssid_sanity_ok: YES
[   56.415376] wlan: [5467:I:ANY] osifp_create_wlan_vap: VDEV Create a4:39:b3:d1:46:6a
[   56.422815] wlan: [5467:I:ANY] ol_ath_vap_set_param: Setting SGI value: 1
[   56.429565] wlan: [5467:I:ANY] ieee80211_vap_setup: Disable vht SU BFEE by default in AP mode
[   56.435672] wlan: [5467:I:ANY] ieee80211_vap_setup: Disable HE SU BFEE by default in AP mode
[   56.444299] wlan: [5467:I:ANY] ol_ath_vap_set_param: VDEV params:HE su_bfee:0|su_bfer:1|mu_bfee:0|mu_bfer:0|dl_muofdma:1|ul_muofdma:1|ul_mumimo:0|dl_muofdma_bfer:0
[   56.452686] wlan: [5467:I:ANY] ol_ath_vap_set_param: he_bf_cap=0x32
[   56.467281] wlan: [5467:I:ANY] ol_ath_vap_set_param: VDEV params: AC/VHT sounding mode:HE|SU/MU sounding mode:SU|Trig/Non-Trig sounding mode:Non-Trigged
[   56.488434] wlan: [5467:I:ANY] osif_create_vap_complete: TX Checksum:1|SG:1|TSO:1|LRO:0
[   56.488466] wlan: [5467:I:ANY] WLAN-NSS: VAP NSS ops initialized 
[   56.495630] ipaccount: ifname [wl1] event[16]
[   56.507395] ipaccount: ifname [wl1] event[5]
[   56.507430] ipaccount: landev_init set ifname [wl1]
[   56.511306] wlan: [5467:I:ANY] VAP device wl1 created osifp: (ffffffc006e2c880) os_if: (ffffffc006e24000)
[   57.225717] wlan: [5515:I:ANY] ieee80211_ucfg_setparam: Setting Max Stations:124
[   57.307749] wlan: [5521:I:ANY] wlan_set_param:  HE MU BFER already set with this value =0 
[   57.370430] wlan: [5525:I:ANY] wlan_set_param:  HE UL MU MIMO already set with this value =0 
[   57.436555] wlan: [5528:I:ANY] ol_ath_vap_set_param: VDEV params:HE su_bfee:0|su_bfer:1|mu_bfee:0|mu_bfer:0|dl_muofdma:1|ul_muofdma:0|ul_mumimo:0|dl_muofdma_bfer:0
[   57.436596] wlan: [5528:I:ANY] ol_ath_vap_set_param: he_bf_cap=0x12
[   57.965182] ipaccount: ifname [wl1] event[13]
[   57.967769] 8021q: adding VLAN 0 to HW filter on device wl1
[   57.969793] ipaccount: ifname [wl1] event[1]
[   57.976889] ipaccount: ifname [wl1] event[20]
[   57.980156] ipaccount: ifname [wl1] event[26]
[   57.983190] ipaccount: ifname [wl1] event[21]
[   57.987010] device wl1 entered promiscuous mode
[   57.993322] br-lan: port 3(wl1) entered forwarding state
[   57.995728] br-lan: port 3(wl1) entered forwarding state
[   58.002738] ipaccount: ifname [wl1] event[27]
[   58.079673] wlan: [920:I:ANY] wlan_cfg80211_do_acs: vap-0(wl1):ACS Params
[   58.079706] wlan: [920:I:ANY] wlan_cfg80211_do_acs: ht_enabled:1|ht40_enabled:0|vht_enabled:1|hw_mode:29|chwidth:20|
[   58.085449] wlan: [920:I:ANY] ieee80211_autoselect_infra_bss_channel: ACS started: vap:0xffffffc006e24000
[   58.427891] wlan: [5627:I:ANY] wlan_set_param: HE SU BFEE already set with this value =0 
[   59.988368] br-lan: port 3(wl1) entered forwarding state
[   62.206670] wlan: [2867:E:ANY] ol_ath_get_chan_grade_info: RF characterization entries is empty
[   62.207071] wlan: [2867:I:ANY] ACS failed to derive the channel. So,selecting random channel 
[   62.214262] wlan: [2867:I:ANY] ******** ACS report ******** 
[   62.222893] wlan: [2867:I:ANY]  Channel | BSS  | minrssi | maxrssi | NF | Ch load | spect load | sec_chan | SR bss | SR load | Ch Avil | Chan eff | NearBSS | Med BSS | Far BSS | Eff BSS | chan grade
[   62.228611] wlan: [2867:I:ANY] ----------------------------------------------------------------------------------------------------------------------------------------------------------------------
[   62.246077] wlan: [2867:I:ANY]  2412(  1)   15       28        48    -90      83           0          0        1         4        11       119         0        11         4       837       100   
[   62.263703] wlan: [2867:I:ANY]  2417(  2)    1       31        31    -99      59           0          0        0         2        16         0         0         1         0       603       100   
[   62.280903] wlan: [2867:I:ANY]  2422(  3)    2       25        34    -93      67           0          0        0         1        17         0         0         1         1       578       100   
[   62.298258] wlan: [2867:I:ANY]  2427(  4)    8       26        34    -81      63           0          0        0         2        15         0         0         3         5       665       100   
[   62.315660] wlan: [2867:I:ANY]  2432(  5)    2       25        31    -94      65           0          0        0         4        15         0         0         1         1       662       100   
[   62.333031] wlan: [2867:I:ANY]  2437(  6)   14       24        73    -95      89           0          0        2         8        10       106         1         9         4       923       100   
[   62.350535] wlan: [2867:I:ANY]  2442(  7)    2       30        34    -85      70           0          0        0         4        17         0         0         1         1       587       100   
[   62.367734] wlan: [2867:I:ANY]  2447(  8)    4       26        43    -84      68           0          0        0         3        19         0         0         3         1       520       100   
[   62.385117] wlan: [2867:I:ANY]  2452(  9)    0        0         0   -107      65           0          0        0        10        21         0         0         0         0       474       100   
[   62.402442] wlan: [2867:I:ANY]  2457( 10)    1       30        30    -84      66           0          0        1        20        17         0         0         0         1       558       100   
[   62.419819] wlan: [2867:I:ANY]  2462( 11)   17       25        71    -92      83           0          0        8        36        10       106         1        12         4       940       100   
[   62.437166] wlan: [2867:I:ANY]  2467( 12)    0        0         0    -94      48           0          0        0        17        18         0         0         0         0       545       100   
[   62.454544] wlan: [2867:I:ANY]  2472( 13)    4       22        34    -87      45           0          0        0         8        21         0         0         1         3       475       100   
[   62.472496] wlan: [2867:I:ANY] vap-0(wl1): ACS result PCH 1 freq 2412, SCH 5 freq 2432, hw_mode 1 chwidth 40, vht_seg0 3 freq 2422, vht_seg1 0 freq 0
[   62.489350] wlan: [2867:I:ANY] ieee80211_acs_scan_evhandler: lock held duration: 282(ms)
[   62.546904] wlan: [920:I:ANY] DES SSID SET=NETGEAR51
[   62.546933] wlan: [920:I:ANY] desired hw mode: 29
[   62.552821] wlan: [920:I:ANY] ieee80211_ucfg_set_freq_internal: 
[   62.552821]  Channel is configured already!!
[   62.555964] wlan: [920:E:MBSSIE] ieee80211_ucfg_set_txvap: MBSSID is not enabled
[   62.573794] ipaccount: ifname [wl1] event[4]
[   62.589088] wlan: [0:I:CMN_MLME] vdev[0] ieee chan:1 freq:2412
[   62.589298] wlan: [0:D:dfs] Skip CAC on NON-DFS chan
[   62.594868] wlan: [0:I:ANY] vdev[0]: Mgt Rate:1000(kbps)
[   62.599205] wlan: [0:I:ANY] vdev[0]: Mgt Rate:1000(kbps)
[   62.717442] wlan: [5700:I:ANY] wlan_cfg80211_add_virtual_intf: proprietary mode 6 for interface: wl13 : clone params: 0x00000001 
[   62.717518] wlan: [5700:I:MBSSIE] osif_mbssid_sanity_check: mbssid_sanity_ok: YES
[   62.728183] wlan: [5700:I:ANY] osifp_create_wlan_vap: VDEV Create aa:39:b3:d1:46:6a
[   62.736285] wlan: [5700:I:ANY] ol_ath_vap_set_param: Setting SGI value: 1
[   62.743090] wlan: [5700:I:ANY] ieee80211_vap_setup: Disable vht SU BFEE by default in AP mode
[   62.750218] wlan: [5700:I:ANY] ieee80211_vap_setup: Disable HE SU BFEE by default in AP mode
[   62.758505] wlan: [5700:I:ANY] ol_ath_vap_set_param: VDEV params:HE su_bfee:0|su_bfer:1|mu_bfee:0|mu_bfer:0|dl_muofdma:1|ul_muofdma:1|ul_mumimo:0|dl_muofdma_bfer:0
[   62.766964] wlan: [5700:I:ANY] ol_ath_vap_set_param: he_bf_cap=0x32
[   62.781420] wlan: [5700:I:ANY] ol_ath_vap_set_param: VDEV params: AC/VHT sounding mode:HE|SU/MU sounding mode:SU|Trig/Non-Trig sounding mode:Non-Trigged
[   62.798440] wlan: [5700:I:ANY] osif_create_vap_complete: TX Checksum:1|SG:1|TSO:1|LRO:0
[   62.801421] wlan: [5700:I:ANY] WLAN-NSS: VAP NSS ops initialized 
[   62.809514] ipaccount: ifname [wl13] event[16]
[   62.816604] ipaccount: ifname [wl13] event[5]
[   62.819944] ipaccount: landev_init set ifname [wl1]
[   62.824475] wlan: [5700:I:ANY] VAP device wl13 created osifp: (ffffffc01a94e880) os_if: (ffffffc014780000)
[   62.830463] ipaccount: ifname [br-miot] event[16]
[   62.845354] ipaccount: ifname [br-miot] event[5]
[   62.850234] ipaccount: ifname [wl13] event[13]
[   62.852751] 8021q: adding VLAN 0 to HW filter on device wl13
[   62.853822] ipaccount: ifname [wl13] event[1]
[   62.863759] ipaccount: ifname [wl13] event[20]
[   62.865454] ipaccount: ifname [wl13] event[26]
[   62.874037] ipaccount: ifname [wl13] event[21]
[   62.874137] device wl13 entered promiscuous mode
[   62.885904] ipaccount: ifname [br-miot] event[11]
[   62.887037] ipaccount: ifname [br-miot] event[8]
[   62.903324] ipaccount: ifname [wl13] event[27]
[   62.907998] ipaccount: ifname [br-miot] event[8]
[   62.908270] ipaccount: ifname [br-miot] event[13]
[   62.915462] br-miot: port 1(wl13) entered forwarding state
[   62.916439] br-miot: port 1(wl13) entered forwarding state
[   62.924928] ipaccount: ifname [br-miot] event[1]
[   63.640845] wlan: [5806:I:ANY] ieee80211_ucfg_setparam: Setting Max Stations:20
[   63.661509] wlan: [5809:I:ANY] wlan_set_param:  HE MU BFER already set with this value =0 
[   63.727610] wlan: [5813:I:ANY] wlan_set_param:  HE UL MU MIMO already set with this value =0 
[   63.838636] ipaccount: ifname [br-miot] event[4]
[   64.440188] wlan: [920:I:ANY] wlan_cfg80211_do_acs: vap-1(wl13):ACS Params
[   64.440226] wlan: [920:I:ANY] wlan_cfg80211_do_acs: ht_enabled:1|ht40_enabled:0|vht_enabled:1|hw_mode:29|chwidth:20|
[   64.446054] wlan: [920:I:ANY] ieee80211_autoselect_infra_bss_channel: ACS started: vap:0xffffffc014780000
[   64.459720] wlan: [920:I:ANY] vap-1(wl13): ACS result PCH 1 freq 2412, SCH 5 freq 2432, hw_mode 1 chwidth 40, vht_seg0 3 freq 2422, vht_seg1 0 freq 0
[   64.473554] wlan: [920:I:ANY] DES SSID SET=25c829b1922d3123_miwifi
[   64.494610] wlan: [920:I:ANY] desired hw mode: 29
[   64.494973] wlan: [920:I:ANY] ieee80211_ucfg_set_freq_internal: 
[   64.494973]  Channel is configured already!!
[   64.501606] wlan: [920:E:MBSSIE] ieee80211_ucfg_set_txvap: MBSSID is not enabled
[   64.516359] wlan: [0:I:CMN_MLME] vdev[1] ieee chan:1 freq:2412
[   64.516631] wlan: [0:D:dfs] Skip CAC on NON-DFS chan
[   64.522619] wlan: [0:I:ANY] vdev[1]: Mgt Rate:1000(kbps)
[   64.526925] wlan: [0:I:ANY] vdev[1]: Mgt Rate:1000(kbps)
[   64.551345] ipaccount: ifname [wl13] event[4]
[   64.894693] wlan: [0:I:CMN_MLME] vdev[1] ieee chan:1 freq:2412
[   64.894842] wlan: [0:D:dfs] Skip CAC on NON-DFS chan
[   64.900066] wlan: [0:I:ANY] vdev[1]: Mgt Rate:1000(kbps)
[   64.904611] wlan: [0:I:ANY] vdev[1]: Mgt Rate:1000(kbps)
[   64.910097] br-miot: port 1(wl13) entered forwarding state
[   64.919677] wlan: [0:E:CMN_MLME] mlme_vdev_restart_is_allowed:  No multivdev restart
[   64.922662] wlan: [0:I:CMN_MLME] vdev[1] ieee chan:1 freq:2412
[   64.923749] wlan: [5991:I:ANY] wlan_set_param: HE SU BFEE already set with this value =0 
[   64.935120] wlan: [0:I:ANY] vdev[1]: Mgt Rate:1000(kbps)
[   64.942527] wlan: [0:I:ANY] vdev[1]: Mgt Rate:1000(kbps)
[   64.950287] wlan: [0:E:CMN_MLME] mlme_vdev_restart_is_allowed:  No multivdev restart
[   64.954591] wlan: [0:I:CMN_MLME] vdev[1] ieee chan:1 freq:2412
[   64.961857] wlan: [0:I:ANY] vdev[1]: Mgt Rate:1000(kbps)
[   64.966518] wlan: [0:I:ANY] vdev[1]: Mgt Rate:1000(kbps)
[   65.290171] wifi_log: [Class 1 - RECV AUTH] - if="wl1", sta_mac="e4:58:bc:72:fb:49", bssid="a4:39:b3:d1:46:6a", action="recv-auth", rssi="62", status="0", algorithm="0x0000", seq_num="1"
[   65.307329] wifi_log: [Class 1 - SEND AUTH] - if="wl1", sta_mac="e4:58:bc:72:fb:49", bssid="a4:39:b3:d1:46:6a", action="mlme-auth", status="0", seq_num="2"
[   65.314532] wifi_log: [Class 2 - RECV ASSOC] - if="wl1", sta_mac="e4:58:bc:72:fb:49", bssid="a4:39:b3:d1:46:6a", action="recv-assoc", rssi="65"
[   65.333187] wlan: [920:I:ANY] wlan_cfg80211_set_ap_chanwidth: wlan_cfg80211_set_ap_chanwidth: freq:2412 hw_value:1 ch_width:1 
[   65.333958] wifi_log: [Class 2 - SEND ASSOC RSP] - if="wl1", sta_mac="e4:58:bc:72:fb:49", bssid="a4:39:b3:d1:46:6a", action="mlme-assoc", reason="0"
[   65.391619] wifi_log: [Set auth Done] - if="wl1", sta_mac="e4:58:bc:72:fb:49",bssid="a4:39:b3:d1:46:6a", action="authorize done", rssi="63"
[   67.936283] wlan: [6720:I:ANY] wlan_scan_update_channel_list: num_chan: 13
[   67.937564] wlan: [6720:I:ANY] wlan_scan_update_channel_list: num_chan: 13
[   67.942387] wlan: [6720:I:ANY] number of channels: 2G = 0 5G = 13, 6G = 0
[   67.948973] wlan: [6720:I:ANY] wlan_cfg80211_set_country: wlan_cfg80211_set_country: Country: CN ret: 0 
[   68.213450] wlan: [6736:I:Monitor Filter] dp_mon_ht2_rx_ring_cfg: srng type 2 Max_mac_rings 1 
[   68.213546] wlan: [6736:I:Monitor Filter] dp_mon_ht2_rx_ring_cfg: srng type 1 Max_mac_rings 1 
[   68.265221] wlan: [6739:I:ANY] wlan_cfg80211_set_hwaddr: wlan_cfg80211_set_hwaddr :a4:39:b3:d1:46:69 ret: 0 
[   68.309005] wlan: [6742:I:ANY] ol_ath_set_config_param: set TXBF_SND_PERIOD: val 100 stat 0
[   68.440120] wlan: [0:I:ANY] ol_ath_set_config_param: Disconnect_timeout value: 10
[   68.481706] wlan: [0:I:ANY] ol_ath_set_config_param: Reconfiguration_timeout value:60
[   68.838200] ipaccount: ifname [wifi1] event[13]
[   68.840637] ipaccount: ifname [wifi1] event[1]
[   69.033116] wlan: [6845:I:ANY] wlan_cfg80211_add_virtual_intf: proprietary mode 6 for interface: wl0 : clone params: 0x00000001 
[   69.033197] wlan: [6845:I:MBSSIE] osif_mbssid_sanity_check: mbssid_sanity_ok: YES
[   69.044190] wlan: [6845:I:ANY] osifp_create_wlan_vap: VDEV Create a4:39:b3:d1:46:69
[   69.051843] wlan: [6845:I:ANY] ol_ath_vap_set_param: Setting SGI value: 1
[   69.059579] wlan: [6845:I:ANY] ol_ath_vap_set_param: VDEV params:HE su_bfee:1|su_bfer:1|mu_bfee:0|mu_bfer:1|dl_muofdma:1|ul_muofdma:1|ul_mumimo:1|dl_muofdma_bfer:1
[   69.065541] wlan: [6845:I:ANY] ol_ath_vap_set_param: he_bf_cap=0xfb
[   69.080344] wlan: [6845:I:ANY] ol_ath_vap_set_param: VDEV params: AC/VHT sounding mode:HE|SU/MU sounding mode:SU|Trig/Non-Trig sounding mode:Non-Trigged
[   69.098444] wlan: [6845:I:ANY] osif_create_vap_complete: TX Checksum:1|SG:1|TSO:1|LRO:0
[   69.100079] wlan: [6845:I:ANY] WLAN-NSS: VAP NSS ops initialized 
[   69.108264] ipaccount: ifname [wl0] event[16]
[   69.120292] ipaccount: ifname [wl0] event[5]
[   69.120326] ipaccount: landev_init set ifname [wl0]
[   69.124596] wlan: [6845:I:ANY] VAP device wl0 created osifp: (ffffffc006e70880) os_if: (ffffffc006828000)
[   69.768486] wlan: [6888:I:ANY] ieee80211_ucfg_setparam: Setting Max Stations:124
[   69.853396] wlan: [6894:I:ANY] ol_ath_vap_set_param: VDEV params:HE su_bfee:1|su_bfer:1|mu_bfee:0|mu_bfer:0|dl_muofdma:1|ul_muofdma:1|ul_mumimo:1|dl_muofdma_bfer:1
[   69.853436] wlan: [6894:I:ANY] ol_ath_vap_set_param: he_bf_cap=0xf3
[   69.932365] wlan: [6898:I:ANY] ol_ath_vap_set_param: VDEV params:HE su_bfee:1|su_bfer:1|mu_bfee:0|mu_bfer:0|dl_muofdma:1|ul_muofdma:1|ul_mumimo:0|dl_muofdma_bfer:1
[   69.932412] wlan: [6898:I:ANY] ol_ath_vap_set_param: he_bf_cap=0xb3
[   70.015623] wlan: [6901:I:ANY] ol_ath_vap_set_param: VDEV params:HE su_bfee:1|su_bfer:1|mu_bfee:0|mu_bfer:0|dl_muofdma:1|ul_muofdma:0|ul_mumimo:0|dl_muofdma_bfer:1
[   70.015670] wlan: [6901:I:ANY] ol_ath_vap_set_param: he_bf_cap=0x93
[   70.619446] ipaccount: ifname [wl0] event[13]
[   70.620676] 8021q: adding VLAN 0 to HW filter on device wl0
[   70.623032] ipaccount: ifname [wl0] event[1]
[   70.632948] ipaccount: ifname [wl0] event[20]
[   70.633347] ipaccount: ifname [wl0] event[26]
[   70.637865] ipaccount: ifname [wl0] event[21]
[   70.643468] device wl0 entered promiscuous mode
[   70.645856] br-lan: port 4(wl0) entered forwarding state
[   70.650084] br-lan: port 4(wl0) entered forwarding state
[   70.656499] ipaccount: ifname [wl0] event[27]
[   70.739950] wlan: [920:I:ANY] wlan_cfg80211_do_acs: vap-0(wl0):ACS Params
[   70.739982] wlan: [920:I:ANY] wlan_cfg80211_do_acs: ht_enabled:1|ht40_enabled:0|vht_enabled:1|hw_mode:31|chwidth:20|
[   70.745727] wlan: [920:I:ANY] ieee80211_autoselect_infra_bss_channel: ACS started: vap:0xffffffc006828000
[   72.648400] br-lan: port 4(wl0) entered forwarding state
[   73.787459] wlan: [7679:D:dfs] WLAN_DEBUG_DFS_ALWAYS : dfs_get_po_radars: FCC domain -- Country China(156) override FCC radar pattern
[   73.788189] wlan: [7679:I:ANY] wlan_scan_update_channel_list: num_chan: 26
[   73.799763] wlan: [7679:I:ANY] wlan_scan_update_channel_list: num_chan: 26
[   73.805425] wlan: [7679:I:ANY] number of channels: 2G = 13 5G = 13, 6G = 0
[   73.812545] wlan: [7679:I:ANY] wlan_cfg80211_set_country: wlan_cfg80211_set_country: Country: CN ret: 0 
[   74.100179] wlan: [7698:I:ANY] wlan_cfg80211_set_hwaddr: wlan_cfg80211_set_hwaddr :a4:39:b3:d1:46:6b ret: 0 
[   74.122392] wlan: [1628:E:ANY] [soc2] FWLOG: [75176] WAL_DBGID_PDEV_INFO_PRINT ( 0x57, 0x40, 0x40)
[   74.122392] 
[   74.146827] wlan: [7701:I:ANY] ol_ath_set_config_param: set TXBF_SND_PERIOD: val 100 stat 0
[   74.276643] wlan: [0:I:ANY] ol_ath_set_config_param: Disconnect_timeout value: 10
[   74.321011] wlan: [0:I:ANY] ol_ath_set_config_param: Reconfiguration_timeout value:60
[   74.648824] ipaccount: ifname [wifi2] event[13]
[   74.649625] ipaccount: ifname [wifi2] event[1]
[   74.742202] wlan: [7762:I:ANY] wlan_cfg80211_add_virtual_intf: proprietary mode 1 for interface: wl2 : clone params: 0x00000001 
[   74.742273] wlan: [7762:I:MBSSIE] osif_mbssid_sanity_check: mbssid_sanity_ok: YES
[   74.753209] wlan: [7762:I:ANY] osifp_create_wlan_vap: VDEV Create a4:39:b3:d1:46:6b
[   74.760806] wlan: [7762:I:ANY] ol_ath_vap_set_param: Setting SGI value: 1
[   74.767929] wlan: [7762:I:ANY] dp_lag_pdev_set_sta_vdev: dp_lag_pdev_set_sta_vdev pdev(ffffffc00806b008) sta_vdev ffffffc012697000 
[   74.775290] wlan: [7762:I:ANY] osif_create_vap_complete: TX Checksum:1|SG:1|TSO:1|LRO:1
[   74.786966] wlan: [7762:I:ANY] dp_lag_pdev_set_sta_vdev: dp_lag_pdev_set_sta_vdev pdev(ffffffc00806b008) sta_vdev ffffffc012697000 
[   74.794469] ipaccount: ifname [wl2] event[16]
[   74.809131] ipaccount: ifname [wl2] event[5]
[   74.811274] wlan: [7762:I:ANY] VAP device wl2 created osifp: (ffffffc006874880) os_if: (ffffffc00680c000)
[   74.908994] wlan: [2867:E:ANY] ol_ath_get_chan_grade_info: RF characterization entries is empty
[   74.909853] wlan: [2867:I:ANY] ACS failed to derive the channel. So,selecting channel with least BSS 
[   74.917316] wlan: [2867:I:ANY] random channel is 48 freq 5240
[   74.926186] wlan: [2867:I:ANY] ******** ACS report ******** 
[   74.932599] wlan: [2867:I:ANY]  Channel | BSS  | minrssi | maxrssi | NF | Ch load | spect load | sec_chan | SR bss | SR load | Ch Avil | Chan eff | NearBSS | Med BSS | Far BSS | Eff BSS | chan grade
[   74.937805] wlan: [2867:I:ANY] ----------------------------------------------------------------------------------------------------------------------------------------------------------------------
[   74.956033] wlan: [2867:I:ANY]  5180( 36)   29        4        68   -107      22           0          1       19        84         7        75         4         0        25      1332       100   
[   74.973773] wlan: [2867:I:ANY]  5200( 40)   18        4         9   -107      19           0          1        0        54         7        77         0         0        18      1293       100   
[   74.990517] wlan: [2867:I:ANY]  5220( 44)   18        5        15   -107      32           0          1        8        51         8        83         0         0        18      1193       100   
[   75.007725] wlan: [2867:I:ANY]  5240( 48)   17        3        17   -107      13           0          1        0        16        10       100         0         0        17       999       100   
[   75.024824] wlan: [2867:I:ANY]  5260( 52)    0        0         0   -107       2           0          0        0         0       100         0         0         0         0         0       100   
[   75.043555] wlan: [2867:I:ANY]  5280( 56)    0        0         0   -107       5           0          0        0         0       100         0         0         0         0         0       100   
[   75.061057] wlan: [2867:I:ANY]  5300( 60)    0        0         0   -107       1           0          0        0         0       100         0         0         0         0         0       100   
[   75.079153] wlan: [2867:I:ANY]  5320( 64)    0        0         0   -107       2           0          0        0         0       100         0         0         0         0         0       100   
[   75.095170] wlan: [2867:I:ANY]  5745(149)    9        8        24   -104      18           0          1        2         0       100         0         0         0         9         0       100   
[   75.113768] wlan: [2867:I:ANY]  5765(153)    4        7        12   -105      11           0          1        0         0       100         0         0         0         4         0       100   
[   75.129291] wlan: [1628:E:ANY] [soc2] FWLOG: [76172] WHAL_ERROR_RESET_CHANNF1 ( )
[   75.129291] 
[   75.129385] wlan: [2867:I:ANY]  5785(157)    3        7         8   -105       1           0          1        0         0       100         0         0         0         3         0       100   
[   75.129413] wlan: [2867:I:ANY]  5805(161)    4        8        11   -105      10           0          1        0         0       100         0         0         0         4         0       100   
[   75.129432] wlan: [2867:I:ANY]  5825(165)    0        0         0   -106       0           0          0        0         0       100         0         0         0         0         0       100   
[   75.129721] wlan: [2867:I:ANY] vap-0(wl0): ACS result PCH 48 freq 5240, SCH 28 freq 5140, hw_mode 2 chwidth 160, vht_seg0 50 freq 5250, vht_seg1 0 freq 0
[   75.179662] wlan: [920:I:ANY] DES SSID SET=NETGEAR51-5G
[   75.179669] wlan: [920:I:ANY] desired hw mode: 31
[   75.179952] wlan: [920:I:ANY] ieee80211_ucfg_set_freq_internal: 
[   75.179952]  Channel is configured already!!
[   75.180115] wlan: [920:E:MBSSIE] ieee80211_ucfg_set_txvap: MBSSID is not enabled
[   75.182848] ipaccount: ifname [wl0] event[4]
[   75.184362] wlan: [2867:I:ANY] ieee80211_acs_scan_evhandler: lock held duration: 221(ms)
[   75.207555] wlan: [0:I:CMN_MLME] vdev[0] ieee chan:48 freq:5240
[   75.207794] wlan: [0:I:ANY] vdev[0]: Mgt Rate:6000(kbps)
[   75.214138] wlan: [3813:I:ANY] ieee80211_dfs_deliver_event: dfs CAC_START event delivered on chan freq 5180.
[   75.214138] 
[   75.214157] wlan: [3813:I:ANY] ieee80211_dfs_deliver_event: dfs CAC_START event delivered on chan freq 5200.
[   75.214157] 
[   75.214169] wlan: [3813:I:ANY] ieee80211_dfs_deliver_event: dfs CAC_START event delivered on chan freq 5220.
[   75.214169] 
[   75.214183] wlan: [3813:I:ANY] ieee80211_dfs_deliver_event: dfs CAC_START event delivered on chan freq 5240.
[   75.214183] 
[   75.214194] wlan: [3813:I:ANY] ieee80211_dfs_deliver_event: dfs CAC_START event delivered on chan freq 5320.
[   75.214194] 
[   75.214205] wlan: [3813:I:ANY] ieee80211_dfs_deliver_event: dfs CAC_START event delivered on chan freq 5300.
[   75.214205] 
[   75.214217] wlan: [3813:I:ANY] ieee80211_dfs_deliver_event: dfs CAC_START event delivered on chan freq 5280.
[   75.214217] 
[   75.214226] wlan: [3813:I:ANY] ieee80211_dfs_deliver_event: dfs CAC_START event delivered on chan freq 5260.
[   75.214226] 
[   75.577226] wlan: [7812:E:ANY] ieee80211_ucfg_setparam: Command is supported for AP mode only
[   75.662733] wlan: [7815:I:ANY] DES SSID SET=xiaomi-router-ra72_miapd966
[   76.228447] wlan: [7861:I:ANY] wlan_set_param: HE Ul MU OFDMA is not allowed in current mode
[   77.195579] ipaccount: ifname [wl2] event[13]
[   77.196429] 8021q: adding VLAN 0 to HW filter on device wl2
[   77.200517] ipaccount: ifname [wl2] event[1]
[   77.204627] ipaccount: ifname [wl2] event[4]
[   77.210608] ipaccount: ifname [wl2] event[4]
